Archive member included to satisfy reference by file (symbol)

c:/st/stm32cubeide_1.12.1/stm32cubeide/plugins/com.st.stm32cube.ide.mcu.externaltools.gnu-tools-for-stm32.10.3-2021.10.win32_1.0.200.202301161003/tools/bin/../lib/gcc/arm-none-eabi/10.3.1/../../../../arm-none-eabi/lib/thumb/v7e-m+fp/hard\libc_nano.a(lib_a-errno.o)
                              ./Core/Src/syscalls.o (__errno)
c:/st/stm32cubeide_1.12.1/stm32cubeide/plugins/com.st.stm32cube.ide.mcu.externaltools.gnu-tools-for-stm32.10.3-2021.10.win32_1.0.200.202301161003/tools/bin/../lib/gcc/arm-none-eabi/10.3.1/../../../../arm-none-eabi/lib/thumb/v7e-m+fp/hard\libc_nano.a(lib_a-exit.o)
                              c:/st/stm32cubeide_1.12.1/stm32cubeide/plugins/com.st.stm32cube.ide.mcu.externaltools.gnu-tools-for-stm32.10.3-2021.10.win32_1.0.200.202301161003/tools/bin/../lib/gcc/arm-none-eabi/10.3.1/../../../../arm-none-eabi/lib/thumb/v7e-m+fp/hard/crt0.o (exit)
c:/st/stm32cubeide_1.12.1/stm32cubeide/plugins/com.st.stm32cube.ide.mcu.externaltools.gnu-tools-for-stm32.10.3-2021.10.win32_1.0.200.202301161003/tools/bin/../lib/gcc/arm-none-eabi/10.3.1/../../../../arm-none-eabi/lib/thumb/v7e-m+fp/hard\libc_nano.a(lib_a-impure.o)
                              c:/st/stm32cubeide_1.12.1/stm32cubeide/plugins/com.st.stm32cube.ide.mcu.externaltools.gnu-tools-for-stm32.10.3-2021.10.win32_1.0.200.202301161003/tools/bin/../lib/gcc/arm-none-eabi/10.3.1/../../../../arm-none-eabi/lib/thumb/v7e-m+fp/hard\libc_nano.a(lib_a-exit.o) (_global_impure_ptr)
c:/st/stm32cubeide_1.12.1/stm32cubeide/plugins/com.st.stm32cube.ide.mcu.externaltools.gnu-tools-for-stm32.10.3-2021.10.win32_1.0.200.202301161003/tools/bin/../lib/gcc/arm-none-eabi/10.3.1/../../../../arm-none-eabi/lib/thumb/v7e-m+fp/hard\libc_nano.a(lib_a-init.o)
                              c:/st/stm32cubeide_1.12.1/stm32cubeide/plugins/com.st.stm32cube.ide.mcu.externaltools.gnu-tools-for-stm32.10.3-2021.10.win32_1.0.200.202301161003/tools/bin/../lib/gcc/arm-none-eabi/10.3.1/../../../../arm-none-eabi/lib/thumb/v7e-m+fp/hard/crt0.o (__libc_init_array)
c:/st/stm32cubeide_1.12.1/stm32cubeide/plugins/com.st.stm32cube.ide.mcu.externaltools.gnu-tools-for-stm32.10.3-2021.10.win32_1.0.200.202301161003/tools/bin/../lib/gcc/arm-none-eabi/10.3.1/../../../../arm-none-eabi/lib/thumb/v7e-m+fp/hard\libc_nano.a(lib_a-memset.o)
                              c:/st/stm32cubeide_1.12.1/stm32cubeide/plugins/com.st.stm32cube.ide.mcu.externaltools.gnu-tools-for-stm32.10.3-2021.10.win32_1.0.200.202301161003/tools/bin/../lib/gcc/arm-none-eabi/10.3.1/../../../../arm-none-eabi/lib/thumb/v7e-m+fp/hard/crt0.o (memset)
c:/st/stm32cubeide_1.12.1/stm32cubeide/plugins/com.st.stm32cube.ide.mcu.externaltools.gnu-tools-for-stm32.10.3-2021.10.win32_1.0.200.202301161003/tools/bin/../lib/gcc/arm-none-eabi/10.3.1/../../../../arm-none-eabi/lib/thumb/v7e-m+fp/hard\libc_nano.a(lib_a-printf.o)
                              ./Core/Src/test_flash.o (printf)
c:/st/stm32cubeide_1.12.1/stm32cubeide/plugins/com.st.stm32cube.ide.mcu.externaltools.gnu-tools-for-stm32.10.3-2021.10.win32_1.0.200.202301161003/tools/bin/../lib/gcc/arm-none-eabi/10.3.1/../../../../arm-none-eabi/lib/thumb/v7e-m+fp/hard\libc_nano.a(lib_a-putchar.o)
                              ./Core/Src/test_flash.o (putchar)
c:/st/stm32cubeide_1.12.1/stm32cubeide/plugins/com.st.stm32cube.ide.mcu.externaltools.gnu-tools-for-stm32.10.3-2021.10.win32_1.0.200.202301161003/tools/bin/../lib/gcc/arm-none-eabi/10.3.1/../../../../arm-none-eabi/lib/thumb/v7e-m+fp/hard\libc_nano.a(lib_a-puts.o)
                              ./Core/Src/test_flash.o (puts)
c:/st/stm32cubeide_1.12.1/stm32cubeide/plugins/com.st.stm32cube.ide.mcu.externaltools.gnu-tools-for-stm32.10.3-2021.10.win32_1.0.200.202301161003/tools/bin/../lib/gcc/arm-none-eabi/10.3.1/../../../../arm-none-eabi/lib/thumb/v7e-m+fp/hard\libc_nano.a(lib_a-wbuf.o)
                              c:/st/stm32cubeide_1.12.1/stm32cubeide/plugins/com.st.stm32cube.ide.mcu.externaltools.gnu-tools-for-stm32.10.3-2021.10.win32_1.0.200.202301161003/tools/bin/../lib/gcc/arm-none-eabi/10.3.1/../../../../arm-none-eabi/lib/thumb/v7e-m+fp/hard\libc_nano.a(lib_a-puts.o) (__swbuf_r)
c:/st/stm32cubeide_1.12.1/stm32cubeide/plugins/com.st.stm32cube.ide.mcu.externaltools.gnu-tools-for-stm32.10.3-2021.10.win32_1.0.200.202301161003/tools/bin/../lib/gcc/arm-none-eabi/10.3.1/../../../../arm-none-eabi/lib/thumb/v7e-m+fp/hard\libc_nano.a(lib_a-wsetup.o)
                              c:/st/stm32cubeide_1.12.1/stm32cubeide/plugins/com.st.stm32cube.ide.mcu.externaltools.gnu-tools-for-stm32.10.3-2021.10.win32_1.0.200.202301161003/tools/bin/../lib/gcc/arm-none-eabi/10.3.1/../../../../arm-none-eabi/lib/thumb/v7e-m+fp/hard\libc_nano.a(lib_a-puts.o) (__swsetup_r)
[...]
Memory Configuration

Name             Origin             Length             Attributes
CCMRAM           0x0000000010000000 0x0000000000002000 xrw
RAM              0x0000000020000000 0x000000000000a000 xrw
FLASH            0x0000000008000000 0x0000000000040000 xr
*default*        0x0000000000000000 0xffffffffffffffff

Linker script and memory map

LOAD c:/st/stm32cubeide_1.12.1/stm32cubeide/plugins/com.st.stm32cube.ide.mcu.externaltools.gnu-tools-for-stm32.10.3-2021.10.win32_1.0.200.202301161003/tools/bin/../lib/gcc/arm-none-eabi/10.3.1/thumb/v7e-m+fp/hard/crti.o
LOAD c:/st/stm32cubeide_1.12.1/stm32cubeide/plugins/com.st.stm32cube.ide.mcu.externaltools.gnu-tools-for-stm32.10.3-2021.10.win32_1.0.200.202301161003/tools/bin/../lib/gcc/arm-none-eabi/10.3.1/thumb/v7e-m+fp/hard/crtbegin.o
LOAD c:/st/stm32cubeide_1.12.1/stm32cubeide/plugins/com.st.stm32cube.ide.mcu.externaltools.gnu-tools-for-stm32.10.3-2021.10.win32_1.0.200.202301161003/tools/bin/../lib/gcc/arm-none-eabi/10.3.1/../../../../arm-none-eabi/lib/thumb/v7e-m+fp/hard/crt0.o
LOAD ./Core/Src/flash.o
LOAD ./Core/Src/main.o
LOAD ./Core/Src/message_handle.o
LOAD ./Core/Src/stm32f3xx_hal_msp.o
LOAD ./Core/Src/stm32f3xx_it.o
LOAD ./Core/Src/syscalls.o
LOAD ./Core/Src/sysmem.o
LOAD ./Core/Src/system_stm32f3xx.o
LOAD ./Core/Src/test_flash.o
LOAD ./Core/Startup/startup_stm32f303vctx.o
LOAD ./Drivers/STM32F3xx_HAL_Driver/Src/stm32f3xx_hal.o
LOAD ./Drivers/STM32F3xx_HAL_Driver/Src/stm32f3xx_hal_adc.o
LOAD ./Drivers/STM32F3xx_HAL_Driver/Src/stm32f3xx_hal_adc_ex.o
LOAD ./Drivers/STM32F3xx_HAL_Driver/Src/stm32f3xx_hal_cortex.o
LOAD ./Drivers/STM32F3xx_HAL_Driver/Src/stm32f3xx_hal_dma.o
LOAD ./Drivers/STM32F3xx_HAL_Driver/Src/stm32f3xx_hal_exti.o
LOAD ./Drivers/STM32F3xx_HAL_Driver/Src/stm32f3xx_hal_flash.o
LOAD ./Drivers/STM32F3xx_HAL_Driver/Src/stm32f3xx_hal_flash_ex.o
LOAD ./Drivers/STM32F3xx_HAL_Driver/Src/stm32f3xx_hal_gpio.o
LOAD ./Drivers/STM32F3xx_HAL_Driver/Src/stm32f3xx_hal_i2c.o
LOAD ./Drivers/STM32F3xx_HAL_Driver/Src/stm32f3xx_hal_i2c_ex.o
LOAD ./Drivers/STM32F3xx_HAL_Driver/Src/stm32f3xx_hal_pwr.o
LOAD ./Drivers/STM32F3xx_HAL_Driver/Src/stm32f3xx_hal_pwr_ex.o
LOAD ./Drivers/STM32F3xx_HAL_Driver/Src/stm32f3xx_hal_rcc.o
LOAD ./Drivers/STM32F3xx_HAL_Driver/Src/stm32f3xx_hal_rcc_ex.o
LOAD ./Drivers/STM32F3xx_HAL_Driver/Src/stm32f3xx_hal_tim.o
LOAD ./Drivers/STM32F3xx_HAL_Driver/Src/stm32f3xx_hal_tim_ex.o
LOAD ./Drivers/STM32F3xx_HAL_Driver/Src/stm32f3xx_hal_uart.o
LOAD ./Drivers/STM32F3xx_HAL_Driver/Src/stm32f3xx_hal_uart_ex.o
START GROUP
LOAD c:/st/stm32cubeide_1.12.1/stm32cubeide/plugins/com.st.stm32cube.ide.mcu.externaltools.gnu-tools-for-stm32.10.3-2021.10.win32_1.0.200.202301161003/tools/bin/../lib/gcc/arm-none-eabi/10.3.1/../../../../arm-none-eabi/lib/thumb/v7e-m+fp/hard\libc_nano.a
LOAD c:/st/stm32cubeide_1.12.1/stm32cubeide/plugins/com.st.stm32cube.ide.mcu.externaltools.gnu-tools-for-stm32.10.3-2021.10.win32_1.0.200.202301161003/tools/bin/../lib/gcc/arm-none-eabi/10.3.1/../../../../arm-none-eabi/lib/thumb/v7e-m+fp/hard\libm.a
END GROUP
START GROUP
LOAD c:/st/stm32cubeide_1.12.1/stm32cubeide/plugins/com.st.stm32cube.ide.mcu.externaltools.gnu-tools-for-stm32.10.3-2021.10.win32_1.0.200.202301161003/tools/bin/../lib/gcc/arm-none-eabi/10.3.1/thumb/v7e-m+fp/hard\libgcc.a
LOAD c:/st/stm32cubeide_1.12.1/stm32cubeide/plugins/com.st.stm32cube.ide.mcu.externaltools.gnu-tools-for-stm32.10.3-2021.10.win32_1.0.200.202301161003/tools/bin/../lib/gcc/arm-none-eabi/10.3.1/../../../../arm-none-eabi/lib/thumb/v7e-m+fp/hard\libc_nano.a
END GROUP
START GROUP
LOAD c:/st/stm32cubeide_1.12.1/stm32cubeide/plugins/com.st.stm32cube.ide.mcu.externaltools.gnu-tools-for-stm32.10.3-2021.10.win32_1.0.200.202301161003/tools/bin/../lib/gcc/arm-none-eabi/10.3.1/thumb/v7e-m+fp/hard\libgcc.a
LOAD c:/st/stm32cubeide_1.12.1/stm32cubeide/plugins/com.st.stm32cube.ide.mcu.externaltools.gnu-tools-for-stm32.10.3-2021.10.win32_1.0.200.202301161003/tools/bin/../lib/gcc/arm-none-eabi/10.3.1/../../../../arm-none-eabi/lib/thumb/v7e-m+fp/hard\libc_nano.a
LOAD c:/st/stm32cubeide_1.12.1/stm32cubeide/plugins/com.st.stm32cube.ide.mcu.externaltools.gnu-tools-for-stm32.10.3-2021.10.win32_1.0.200.202301161003/tools/bin/../lib/gcc/arm-none-eabi/10.3.1/../../../../arm-none-eabi/lib/thumb/v7e-m+fp/hard\libnosys.a
END GROUP
START GROUP
LOAD c:/st/stm32cubeide_1.12.1/stm32cubeide/plugins/com.st.stm32cube.ide.mcu.externaltools.gnu-tools-for-stm32.10.3-2021.10.win32_1.0.200.202301161003/tools/bin/../lib/gcc/arm-none-eabi/10.3.1/thumb/v7e-m+fp/hard\libgcc.a
LOAD c:/st/stm32cubeide_1.12.1/stm32cubeide/plugins/com.st.stm32cube.ide.mcu.externaltools.gnu-tools-for-stm32.10.3-2021.10.win32_1.0.200.202301161003/tools/bin/../lib/gcc/arm-none-eabi/10.3.1/../../../../arm-none-eabi/lib/thumb/v7e-m+fp/hard\libc_nano.a
LOAD c:/st/stm32cubeide_1.12.1/stm32cubeide/plugins/com.st.stm32cube.ide.mcu.externaltools.gnu-tools-for-stm32.10.3-2021.10.win32_1.0.200.202301161003/tools/bin/../lib/gcc/arm-none-eabi/10.3.1/../../../../arm-none-eabi/lib/thumb/v7e-m+fp/hard\libnosys.a
END GROUP
LOAD c:/st/stm32cubeide_1.12.1/stm32cubeide/plugins/com.st.stm32cube.ide.mcu.externaltools.gnu-tools-for-stm32.10.3-2021.10.win32_1.0.200.202301161003/tools/bin/../lib/gcc/arm-none-eabi/10.3.1/thumb/v7e-m+fp/hard/crtend.o
LOAD c:/st/stm32cubeide_1.12.1/stm32cubeide/plugins/com.st.stm32cube.ide.mcu.externaltools.gnu-tools-for-stm32.10.3-2021.10.win32_1.0.200.202301161003/tools/bin/../lib/gcc/arm-none-eabi/10.3.1/thumb/v7e-m+fp/hard/crtn.o
                0x000000002000a000                _estack = (ORIGIN (RAM) + LENGTH (RAM))
                0x0000000000000200                _Min_Heap_Size = 0x200
                0x0000000000000400                _Min_Stack_Size = 0x400

.isr_vector     0x0000000008000000      0x188
                0x0000000008000000                . = ALIGN (0x4)
 *(.isr_vector)
 .isr_vector    0x0000000008000000      0x188 ./Core/Startup/startup_stm32f303vctx.o
                0x0000000008000000                g_pfnVectors
                0x0000000008000188                . = ALIGN (0x4)

.text           0x0000000008000188     0x6a8c
                0x0000000008000188                . = ALIGN (0x4)
 *(.text)
 .text          0x0000000008000188       0x40 c:/st/stm32cubeide_1.12.1/stm32cubeide/plugins/com.st.stm32cube.ide.mcu.externaltools.gnu-tools-for-stm32.10.3-2021.10.win32_1.0.200.202301161003/tools/bin/../lib/gcc/arm-none-eabi/10.3.1/thumb/v7e-m+fp/hard/crtbegin.o
 *(.text*)
 .text.flash_erase
                0x00000000080001c8       0x64 ./Core/Src/flash.o
                0x00000000080001c8                flash_erase
 .text.mutate_power
                0x000000000800022c       0xd4 ./Core/Src/flash.o
                0x000000000800022c                mutate_power
 .text.mutate_control_mode
                0x0000000008000300       0x94 ./Core/Src/flash.o
                0x0000000008000300                mutate_control_mode
 .text.mutate_wind_mode
                0x0000000008000394       0x80 ./Core/Src/flash.o
                0x0000000008000394                mutate_wind_mode
 .text.get_power
                0x0000000008000414       0x24 ./Core/Src/flash.o
                0x0000000008000414                get_power
 .text.get_control_mode
                0x0000000008000438       0x24 ./Core/Src/flash.o
                0x0000000008000438                get_control_mode
 .text.get_wind_mode
                0x000000000800045c       0x24 ./Core/Src/flash.o
                0x000000000800045c                get_wind_mode
 .text.wind_control
                0x0000000008000480       0x4a ./Core/Src/flash.o
                0x0000000008000480                wind_control
 *fill*         0x00000000080004ca        0x2 
 .text.default_state
                0x00000000080004cc       0x78 ./Core/Src/flash.o
                0x00000000080004cc                default_state
 .text.restart_before_state
                0x0000000008000544       0x6c ./Core/Src/flash.o
                0x0000000008000544                restart_before_state
 .text.main     0x00000000080005b0       0xb4 ./Core/Src/main.o
                0x00000000080005b0                main
 .text.SystemClock_Config
                0x0000000008000664       0xb8 ./Core/Src/main.o
                0x0000000008000664                SystemClock_Config
 .text.MX_ADC1_Init
                0x000000000800071c       0xe0 ./Core/Src/main.o
 .text.MX_TIM1_Init
                0x00000000080007fc      0x158 ./Core/Src/main.o
 .text.MX_TIM8_Init
                0x0000000008000954      0x158 ./Core/Src/main.o
 .text.MX_USART1_UART_Init
                0x0000000008000aac       0x60 ./Core/Src/main.o
 .text.MX_GPIO_Init
                0x0000000008000b0c       0x78 ./Core/Src/main.o
 .text.Error_Handler
                0x0000000008000b84        0xa ./Core/Src/main.o
                0x0000000008000b84                Error_Handler
 *fill*         0x0000000008000b8e        0x2 
 .text.handle_message
                0x0000000008000b90      0x108 ./Core/Src/message_handle.o
                0x0000000008000b90                handle_message
 .text.process_power_message
                0x0000000008000c98       0x5e ./Core/Src/message_handle.o
                0x0000000008000c98                process_power_message
 .text.process_control_mode_message
                0x0000000008000cf6       0x68 ./Core/Src/message_handle.o
                0x0000000008000cf6                process_control_mode_message
 .text.process_wind_mode_message
                0x0000000008000d5e       0x76 ./Core/Src/message_handle.o
                0x0000000008000d5e                process_wind_mode_message
 .text.process_states_request_message
                0x0000000008000dd4       0xa8 ./Core/Src/message_handle.o
                0x0000000008000dd4                process_states_request_message
 .text.check_message_data_length
                0x0000000008000e7c       0x2e ./Core/Src/message_handle.o
                0x0000000008000e7c                check_message_data_length
 *fill*         0x0000000008000eaa        0x2 
 .text.HAL_MspInit
                0x0000000008000eac       0x48 ./Core/Src/stm32f3xx_hal_msp.o
                0x0000000008000eac                HAL_MspInit
 .text.HAL_ADC_MspInit
                0x0000000008000ef4       0xbc ./Core/Src/stm32f3xx_hal_msp.o
                0x0000000008000ef4                HAL_ADC_MspInit
 .text.HAL_TIM_Base_MspInit
                0x0000000008000fb0       0x68 ./Core/Src/stm32f3xx_hal_msp.o
                0x0000000008000fb0                HAL_TIM_Base_MspInit
 .text.HAL_TIM_MspPostInit
                0x0000000008001018       0xbc ./Core/Src/stm32f3xx_hal_msp.o
                0x0000000008001018                HAL_TIM_MspPostInit
 .text.HAL_UART_MspInit
                0x00000000080010d4       0x98 ./Core/Src/stm32f3xx_hal_msp.o
                0x00000000080010d4                HAL_UART_MspInit
 .text.NMI_Handler
                0x000000000800116c        0x6 ./Core/Src/stm32f3xx_it.o
                0x000000000800116c                NMI_Handler
 .text.HardFault_Handler
                0x0000000008001172        0x6 ./Core/Src/stm32f3xx_it.o
                0x0000000008001172                HardFault_Handler
 .text.MemManage_Handler
                0x0000000008001178        0x6 ./Core/Src/stm32f3xx_it.o
                0x0000000008001178                MemManage_Handler
 .text.BusFault_Handler
                0x000000000800117e        0x6 ./Core/Src/stm32f3xx_it.o
                0x000000000800117e                BusFault_Handler
 .text.UsageFault_Handler
                0x0000000008001184        0x6 ./Core/Src/stm32f3xx_it.o
                0x0000000008001184                UsageFault_Handler
 .text.SVC_Handler
                0x000000000800118a        0xe ./Core/Src/stm32f3xx_it.o
                0x000000000800118a                SVC_Handler
 .text.DebugMon_Handler
                0x0000000008001198        0xe ./Core/Src/stm32f3xx_it.o
                0x0000000008001198                DebugMon_Handler
 .text.PendSV_Handler
                0x00000000080011a6        0xe ./Core/Src/stm32f3xx_it.o
                0x00000000080011a6                PendSV_Handler
 .text.SysTick_Handler
                0x00000000080011b4        0xc ./Core/Src/stm32f3xx_it.o
                0x00000000080011b4                SysTick_Handler
 .text.ADC1_2_IRQHandler
                0x00000000080011c0       0x14 ./Core/Src/stm32f3xx_it.o
                0x00000000080011c0                ADC1_2_IRQHandler
 .text.USART1_IRQHandler
                0x00000000080011d4       0x14 ./Core/Src/stm32f3xx_it.o
                0x00000000080011d4                USART1_IRQHandler
 .text.SystemInit
                0x00000000080011e8       0x24 ./Core/Src/system_stm32f3xx.o
                0x00000000080011e8                SystemInit
 .text.Reset_Handler
                0x000000000800120c       0x50 ./Core/Startup/startup_stm32f303vctx.o
                0x000000000800120c                Reset_Handler
 .text.Default_Handler
                0x000000000800125c        0x2 ./Core/Startup/startup_stm32f303vctx.o
                0x000000000800125c                RTC_Alarm_IRQHandler
                0x000000000800125c                TIM8_TRG_COM_IRQHandler
                0x000000000800125c                TIM8_CC_IRQHandler
                0x000000000800125c                TIM1_CC_IRQHandler
                0x000000000800125c                USB_HP_IRQHandler
                0x000000000800125c                PVD_IRQHandler
                0x000000000800125c                TAMP_STAMP_IRQHandler
                0x000000000800125c                EXTI3_IRQHandler
                0x000000000800125c                USB_HP_CAN_TX_IRQHandler
                0x000000000800125c                EXTI0_IRQHandler
                0x000000000800125c                I2C2_EV_IRQHandler
                0x000000000800125c                FPU_IRQHandler
                0x000000000800125c                TIM1_UP_TIM16_IRQHandler
                0x000000000800125c                SPI1_IRQHandler
                0x000000000800125c                CAN_SCE_IRQHandler
                0x000000000800125c                TIM6_DAC_IRQHandler
                0x000000000800125c                TIM8_UP_IRQHandler
                0x000000000800125c                DMA2_Channel2_IRQHandler
                0x000000000800125c                DMA1_Channel4_IRQHandler
                0x000000000800125c                USART3_IRQHandler
                0x000000000800125c                DMA1_Channel7_IRQHandler
                0x000000000800125c                UART5_IRQHandler
                0x000000000800125c                ADC3_IRQHandler
                0x000000000800125c                TIM4_IRQHandler
                0x000000000800125c                CAN_RX1_IRQHandler
                0x000000000800125c                DMA2_Channel1_IRQHandler
                0x000000000800125c                I2C1_EV_IRQHandler
                0x000000000800125c                DMA1_Channel6_IRQHandler
                0x000000000800125c                UART4_IRQHandler
                0x000000000800125c                DMA2_Channel4_IRQHandler
                0x000000000800125c                TIM3_IRQHandler
                0x000000000800125c                RCC_IRQHandler
                0x000000000800125c                DMA1_Channel1_IRQHandler
                0x000000000800125c                Default_Handler
                0x000000000800125c                USBWakeUp_RMP_IRQHandler
                0x000000000800125c                EXTI15_10_IRQHandler
                0x000000000800125c                TIM7_IRQHandler
                0x000000000800125c                EXTI9_5_IRQHandler
                0x000000000800125c                RTC_WKUP_IRQHandler
                0x000000000800125c                SPI2_IRQHandler
                0x000000000800125c                USB_LP_CAN_RX0_IRQHandler
                0x000000000800125c                DMA2_Channel5_IRQHandler
                0x000000000800125c                DMA1_Channel5_IRQHandler
                0x000000000800125c                USB_LP_IRQHandler
                0x000000000800125c                EXTI4_IRQHandler
                0x000000000800125c                TIM1_TRG_COM_TIM17_IRQHandler
                0x000000000800125c                DMA1_Channel3_IRQHandler
                0x000000000800125c                ADC4_IRQHandler
                0x000000000800125c                WWDG_IRQHandler
                0x000000000800125c                TIM2_IRQHandler
                0x000000000800125c                COMP7_IRQHandler
                0x000000000800125c                COMP1_2_3_IRQHandler
                0x000000000800125c                EXTI1_IRQHandler
                0x000000000800125c                USART2_IRQHandler
                0x000000000800125c                COMP4_5_6_IRQHandler
                0x000000000800125c                I2C2_ER_IRQHandler
                0x000000000800125c                DMA1_Channel2_IRQHandler
                0x000000000800125c                TIM8_BRK_IRQHandler
                0x000000000800125c                FLASH_IRQHandler
                0x000000000800125c                SPI3_IRQHandler
                0x000000000800125c                I2C1_ER_IRQHandler
                0x000000000800125c                USBWakeUp_IRQHandler
                0x000000000800125c                DMA2_Channel3_IRQHandler
                0x000000000800125c                EXTI2_TSC_IRQHandler
                0x000000000800125c                TIM1_BRK_TIM15_IRQHandler
 *fill*         0x000000000800125e        0x2 
 .text.HAL_Init
                0x0000000008001260       0x2c ./Drivers/STM32F3xx_HAL_Driver/Src/stm32f3xx_hal.o
                0x0000000008001260                HAL_Init
 .text.HAL_InitTick
                0x000000000800128c       0x60 ./Drivers/STM32F3xx_HAL_Driver/Src/stm32f3xx_hal.o
                0x000000000800128c                HAL_InitTick
 .text.HAL_IncTick
                0x00000000080012ec       0x28 ./Drivers/STM32F3xx_HAL_Driver/Src/stm32f3xx_hal.o
                0x00000000080012ec                HAL_IncTick
 .text.HAL_GetTick
                0x0000000008001314       0x18 ./Drivers/STM32F3xx_HAL_Driver/Src/stm32f3xx_hal.o
                0x0000000008001314                HAL_GetTick
 .text.HAL_ADC_ConvCpltCallback
                0x000000000800132c       0x14 ./Drivers/STM32F3xx_HAL_Driver/Src/stm32f3xx_hal_adc.o
                0x000000000800132c                HAL_ADC_ConvCpltCallback
 .text.HAL_ADC_LevelOutOfWindowCallback
                0x0000000008001340       0x14 ./Drivers/STM32F3xx_HAL_Driver/Src/stm32f3xx_hal_adc.o
                0x0000000008001340                HAL_ADC_LevelOutOfWindowCallback
 .text.HAL_ADC_ErrorCallback
                0x0000000008001354       0x14 ./Drivers/STM32F3xx_HAL_Driver/Src/stm32f3xx_hal_adc.o
                0x0000000008001354                HAL_ADC_ErrorCallback
 .text.HAL_ADC_Init
                0x0000000008001368      0x3c0 ./Drivers/STM32F3xx_HAL_Driver/Src/stm32f3xx_hal_adc_ex.o
                0x0000000008001368                HAL_ADC_Init
 .text.HAL_ADC_IRQHandler
                0x0000000008001728      0x5cc ./Drivers/STM32F3xx_HAL_Driver/Src/stm32f3xx_hal_adc_ex.o
                0x0000000008001728                HAL_ADC_IRQHandler
 .text.HAL_ADCEx_InjectedConvCpltCallback
                0x0000000008001cf4       0x14 ./Drivers/STM32F3xx_HAL_Driver/Src/stm32f3xx_hal_adc_ex.o
                0x0000000008001cf4                HAL_ADCEx_InjectedConvCpltCallback
 .text.HAL_ADCEx_InjectedQueueOverflowCallback
                0x0000000008001d08       0x14 ./Drivers/STM32F3xx_HAL_Driver/Src/stm32f3xx_hal_adc_ex.o
                0x0000000008001d08                HAL_ADCEx_InjectedQueueOverflowCallback
 .text.HAL_ADCEx_LevelOutOfWindow2Callback
                0x0000000008001d1c       0x14 ./Drivers/STM32F3xx_HAL_Driver/Src/stm32f3xx_hal_adc_ex.o
                0x0000000008001d1c                HAL_ADCEx_LevelOutOfWindow2Callback
 .text.HAL_ADCEx_LevelOutOfWindow3Callback
                0x0000000008001d30       0x14 ./Drivers/STM32F3xx_HAL_Driver/Src/stm32f3xx_hal_adc_ex.o
                0x0000000008001d30                HAL_ADCEx_LevelOutOfWindow3Callback
 .text.HAL_ADC_ConfigChannel
                0x0000000008001d44      0x5d8 ./Drivers/STM32F3xx_HAL_Driver/Src/stm32f3xx_hal_adc_ex.o
                0x0000000008001d44                HAL_ADC_ConfigChannel
 .text.HAL_ADCEx_MultiModeConfigChannel
                0x000000000800231c      0x1e4 ./Drivers/STM32F3xx_HAL_Driver/Src/stm32f3xx_hal_adc_ex.o
                0x000000000800231c                HAL_ADCEx_MultiModeConfigChannel
 .text.ADC_Disable
                0x0000000008002500       0xcc ./Drivers/STM32F3xx_HAL_Driver/Src/stm32f3xx_hal_adc_ex.o
 .text.__NVIC_SetPriorityGrouping
                0x00000000080025cc       0x48 ./Drivers/STM32F3xx_HAL_Driver/Src/stm32f3xx_hal_cortex.o
 .text.__NVIC_GetPriorityGrouping
                0x0000000008002614       0x1c ./Drivers/STM32F3xx_HAL_Driver/Src/stm32f3xx_hal_cortex.o
 .text.__NVIC_EnableIRQ
                0x0000000008002630       0x3c ./Drivers/STM32F3xx_HAL_Driver/Src/stm32f3xx_hal_cortex.o
 .text.__NVIC_SetPriority
                0x000000000800266c       0x54 ./Drivers/STM32F3xx_HAL_Driver/Src/stm32f3xx_hal_cortex.o
 .text.NVIC_EncodePriority
                0x00000000080026c0       0x66 ./Drivers/STM32F3xx_HAL_Driver/Src/stm32f3xx_hal_cortex.o
 *fill*         0x0000000008002726        0x2 
 .text.SysTick_Config
                0x0000000008002728       0x44 ./Drivers/STM32F3xx_HAL_Driver/Src/stm32f3xx_hal_cortex.o
 .text.HAL_NVIC_SetPriorityGrouping
                0x000000000800276c       0x16 ./Drivers/STM32F3xx_HAL_Driver/Src/stm32f3xx_hal_cortex.o
                0x000000000800276c                HAL_NVIC_SetPriorityGrouping
 .text.HAL_NVIC_SetPriority
                0x0000000008002782       0x38 ./Drivers/STM32F3xx_HAL_Driver/Src/stm32f3xx_hal_cortex.o
                0x0000000008002782                HAL_NVIC_SetPriority
 .text.HAL_NVIC_EnableIRQ
                0x00000000080027ba       0x1c ./Drivers/STM32F3xx_HAL_Driver/Src/stm32f3xx_hal_cortex.o
                0x00000000080027ba                HAL_NVIC_EnableIRQ
 .text.HAL_SYSTICK_Config
                0x00000000080027d6       0x18 ./Drivers/STM32F3xx_HAL_Driver/Src/stm32f3xx_hal_cortex.o
                0x00000000080027d6                HAL_SYSTICK_Config
 .text.HAL_DMA_Abort
                0x00000000080027ee       0x72 ./Drivers/STM32F3xx_HAL_Driver/Src/stm32f3xx_hal_dma.o
                0x00000000080027ee                HAL_DMA_Abort
 .text.HAL_DMA_Abort_IT
                0x0000000008002860       0x7c ./Drivers/STM32F3xx_HAL_Driver/Src/stm32f3xx_hal_dma.o
                0x0000000008002860                HAL_DMA_Abort_IT
 .text.HAL_FLASH_Program
                0x00000000080028dc       0xe0 ./Drivers/STM32F3xx_HAL_Driver/Src/stm32f3xx_hal_flash.o
                0x00000000080028dc                HAL_FLASH_Program
 .text.HAL_FLASH_Unlock
                0x00000000080029bc       0x4c ./Drivers/STM32F3xx_HAL_Driver/Src/stm32f3xx_hal_flash.o
                0x00000000080029bc                HAL_FLASH_Unlock
 .text.HAL_FLASH_Lock
                0x0000000008002a08       0x20 ./Drivers/STM32F3xx_HAL_Driver/Src/stm32f3xx_hal_flash.o
                0x0000000008002a08                HAL_FLASH_Lock
 .text.FLASH_Program_HalfWord
                0x0000000008002a28       0x38 ./Drivers/STM32F3xx_HAL_Driver/Src/stm32f3xx_hal_flash.o
 .text.FLASH_WaitForLastOperation
                0x0000000008002a60       0x80 ./Drivers/STM32F3xx_HAL_Driver/Src/stm32f3xx_hal_flash.o
                0x0000000008002a60                FLASH_WaitForLastOperation
 .text.FLASH_SetErrorCode
                0x0000000008002ae0       0x64 ./Drivers/STM32F3xx_HAL_Driver/Src/stm32f3xx_hal_flash.o
 .text.HAL_FLASHEx_Erase
                0x0000000008002b44       0xd4 ./Drivers/STM32F3xx_HAL_Driver/Src/stm32f3xx_hal_flash_ex.o
                0x0000000008002b44                HAL_FLASHEx_Erase
 .text.FLASH_MassErase
                0x0000000008002c18       0x34 ./Drivers/STM32F3xx_HAL_Driver/Src/stm32f3xx_hal_flash_ex.o
 .text.FLASH_PageErase
                0x0000000008002c4c       0x40 ./Drivers/STM32F3xx_HAL_Driver/Src/stm32f3xx_hal_flash_ex.o
                0x0000000008002c4c                FLASH_PageErase
 .text.HAL_GPIO_Init
                0x0000000008002c8c      0x2f4 ./Drivers/STM32F3xx_HAL_Driver/Src/stm32f3xx_hal_gpio.o
                0x0000000008002c8c                HAL_GPIO_Init
 .text.HAL_RCC_OscConfig
                0x0000000008002f80     0x107c ./Drivers/STM32F3xx_HAL_Driver/Src/stm32f3xx_hal_rcc.o
                0x0000000008002f80                HAL_RCC_OscConfig
 .text.HAL_RCC_ClockConfig
                0x0000000008003ffc      0x2f8 ./Drivers/STM32F3xx_HAL_Driver/Src/stm32f3xx_hal_rcc.o
                0x0000000008003ffc                HAL_RCC_ClockConfig
 .text.HAL_RCC_GetSysClockFreq
                0x00000000080042f4       0xd4 ./Drivers/STM32F3xx_HAL_Driver/Src/stm32f3xx_hal_rcc.o
                0x00000000080042f4                HAL_RCC_GetSysClockFreq
 .text.HAL_RCC_GetHCLKFreq
                0x00000000080043c8       0x18 ./Drivers/STM32F3xx_HAL_Driver/Src/stm32f3xx_hal_rcc.o
                0x00000000080043c8                HAL_RCC_GetHCLKFreq
 .text.HAL_RCC_GetPCLK1Freq
                0x00000000080043e0       0x44 ./Drivers/STM32F3xx_HAL_Driver/Src/stm32f3xx_hal_rcc.o
                0x00000000080043e0                HAL_RCC_GetPCLK1Freq
 .text.HAL_RCC_GetPCLK2Freq
                0x0000000008004424       0x44 ./Drivers/STM32F3xx_HAL_Driver/Src/stm32f3xx_hal_rcc.o
                0x0000000008004424                HAL_RCC_GetPCLK2Freq
 .text.HAL_RCCEx_PeriphCLKConfig
                0x0000000008004468      0x360 ./Drivers/STM32F3xx_HAL_Driver/Src/stm32f3xx_hal_rcc_ex.o
                0x0000000008004468                HAL_RCCEx_PeriphCLKConfig
 .text.HAL_TIM_Base_Init
                0x00000000080047c8       0xae ./Drivers/STM32F3xx_HAL_Driver/Src/stm32f3xx_hal_tim.o
                0x00000000080047c8                HAL_TIM_Base_Init
 *fill*         0x0000000008004876        0x2 
 .text.HAL_TIM_Base_Start_IT
                0x0000000008004878       0xd4 ./Drivers/STM32F3xx_HAL_Driver/Src/stm32f3xx_hal_tim.o
                0x0000000008004878                HAL_TIM_Base_Start_IT
 .text.HAL_TIM_PWM_Init
                0x000000000800494c       0xae ./Drivers/STM32F3xx_HAL_Driver/Src/stm32f3xx_hal_tim.o
                0x000000000800494c                HAL_TIM_PWM_Init
 .text.HAL_TIM_PWM_MspInit
                0x00000000080049fa       0x14 ./Drivers/STM32F3xx_HAL_Driver/Src/stm32f3xx_hal_tim.o
                0x00000000080049fa                HAL_TIM_PWM_MspInit
 *fill*         0x0000000008004a0e        0x2 
 .text.HAL_TIM_PWM_Start
                0x0000000008004a10      0x200 ./Drivers/STM32F3xx_HAL_Driver/Src/stm32f3xx_hal_tim.o
                0x0000000008004a10                HAL_TIM_PWM_Start
 .text.HAL_TIM_PWM_ConfigChannel
                0x0000000008004c10      0x228 ./Drivers/STM32F3xx_HAL_Driver/Src/stm32f3xx_hal_tim.o
                0x0000000008004c10                HAL_TIM_PWM_ConfigChannel
 .text.HAL_TIM_ConfigClockSource
                0x0000000008004e38      0x192 ./Drivers/STM32F3xx_HAL_Driver/Src/stm32f3xx_hal_tim.o
                0x0000000008004e38                HAL_TIM_ConfigClockSource
 *fill*         0x0000000008004fca        0x2 
 .text.TIM_Base_SetConfig
                0x0000000008004fcc      0x120 ./Drivers/STM32F3xx_HAL_Driver/Src/stm32f3xx_hal_tim.o
                0x0000000008004fcc                TIM_Base_SetConfig
 .text.TIM_OC1_SetConfig
                0x00000000080050ec      0x120 ./Drivers/STM32F3xx_HAL_Driver/Src/stm32f3xx_hal_tim.o
 .text.TIM_OC2_SetConfig
                0x000000000800520c      0x114 ./Drivers/STM32F3xx_HAL_Driver/Src/stm32f3xx_hal_tim.o
                0x000000000800520c                TIM_OC2_SetConfig
 .text.TIM_OC3_SetConfig
                0x0000000008005320      0x110 ./Drivers/STM32F3xx_HAL_Driver/Src/stm32f3xx_hal_tim.o
 .text.TIM_OC4_SetConfig
                0x0000000008005430       0xd4 ./Drivers/STM32F3xx_HAL_Driver/Src/stm32f3xx_hal_tim.o
 .text.TIM_OC5_SetConfig
                0x0000000008005504       0xc8 ./Drivers/STM32F3xx_HAL_Driver/Src/stm32f3xx_hal_tim.o
 .text.TIM_OC6_SetConfig
                0x00000000080055cc       0xcc ./Drivers/STM32F3xx_HAL_Driver/Src/stm32f3xx_hal_tim.o
 .text.TIM_TI1_ConfigInputStage
                0x0000000008005698       0x5e ./Drivers/STM32F3xx_HAL_Driver/Src/stm32f3xx_hal_tim.o
 .text.TIM_TI2_ConfigInputStage
                0x00000000080056f6       0x60 ./Drivers/STM32F3xx_HAL_Driver/Src/stm32f3xx_hal_tim.o
 .text.TIM_ITRx_SetConfig
                0x0000000008005756       0x36 ./Drivers/STM32F3xx_HAL_Driver/Src/stm32f3xx_hal_tim.o
 .text.TIM_ETR_SetConfig
                0x000000000800578c       0x40 ./Drivers/STM32F3xx_HAL_Driver/Src/stm32f3xx_hal_tim.o
                0x000000000800578c                TIM_ETR_SetConfig
 .text.TIM_CCxChannelCmd
                0x00000000080057cc       0x4a ./Drivers/STM32F3xx_HAL_Driver/Src/stm32f3xx_hal_tim.o
                0x00000000080057cc                TIM_CCxChannelCmd
 *fill*         0x0000000008005816        0x2 
 .text.HAL_TIMEx_MasterConfigSynchronization
                0x0000000008005818      0x100 ./Drivers/STM32F3xx_HAL_Driver/Src/stm32f3xx_hal_tim_ex.o
                0x0000000008005818                HAL_TIMEx_MasterConfigSynchronization
 .text.HAL_TIMEx_ConfigBreakDeadTime
                0x0000000008005918       0xfc ./Drivers/STM32F3xx_HAL_Driver/Src/stm32f3xx_hal_tim_ex.o
                0x0000000008005918                HAL_TIMEx_ConfigBreakDeadTime
 .text.HAL_UART_Init
                0x0000000008005a14       0x9c ./Drivers/STM32F3xx_HAL_Driver/Src/stm32f3xx_hal_uart.o
                0x0000000008005a14                HAL_UART_Init
 .text.HAL_UART_Transmit
                0x0000000008005ab0      0x114 ./Drivers/STM32F3xx_HAL_Driver/Src/stm32f3xx_hal_uart.o
                0x0000000008005ab0                HAL_UART_Transmit
 .text.HAL_UART_Receive
                0x0000000008005bc4      0x16c ./Drivers/STM32F3xx_HAL_Driver/Src/stm32f3xx_hal_uart.o
                0x0000000008005bc4                HAL_UART_Receive
 .text.HAL_UART_IRQHandler
                0x0000000008005d30      0x5cc ./Drivers/STM32F3xx_HAL_Driver/Src/stm32f3xx_hal_uart.o
                0x0000000008005d30                HAL_UART_IRQHandler
 .text.HAL_UART_TxCpltCallback
                0x00000000080062fc       0x14 ./Drivers/STM32F3xx_HAL_Driver/Src/stm32f3xx_hal_uart.o
                0x00000000080062fc                HAL_UART_TxCpltCallback
 .text.HAL_UART_ErrorCallback
                0x0000000008006310       0x14 ./Drivers/STM32F3xx_HAL_Driver/Src/stm32f3xx_hal_uart.o
                0x0000000008006310                HAL_UART_ErrorCallback
 .text.HAL_UARTEx_RxEventCallback
                0x0000000008006324       0x18 ./Drivers/STM32F3xx_HAL_Driver/Src/stm32f3xx_hal_uart.o
                0x0000000008006324                HAL_UARTEx_RxEventCallback
 .text.UART_SetConfig
                0x000000000800633c      0x3a8 ./Drivers/STM32F3xx_HAL_Driver/Src/stm32f3xx_hal_uart.o
                0x000000000800633c                UART_SetConfig
 .text.UART_AdvFeatureConfig
                0x00000000080066e4      0x144 ./Drivers/STM32F3xx_HAL_Driver/Src/stm32f3xx_hal_uart.o
                0x00000000080066e4                UART_AdvFeatureConfig
 .text.UART_CheckIdleState
                0x0000000008006828      0x150 ./Drivers/STM32F3xx_HAL_Driver/Src/stm32f3xx_hal_uart.o
                0x0000000008006828                UART_CheckIdleState
 .text.UART_WaitOnFlagUntilTimeout
                0x0000000008006978       0xce ./Drivers/STM32F3xx_HAL_Driver/Src/stm32f3xx_hal_uart.o
                0x0000000008006978                UART_WaitOnFlagUntilTimeout
 .text.UART_EndRxTransfer
                0x0000000008006a46       0xc8 ./Drivers/STM32F3xx_HAL_Driver/Src/stm32f3xx_hal_uart.o
 .text.UART_DMAAbortOnError
                0x0000000008006b0e       0x2c ./Drivers/STM32F3xx_HAL_Driver/Src/stm32f3xx_hal_uart.o
 .text.UART_EndTransmit_IT
                0x0000000008006b3a       0x54 ./Drivers/STM32F3xx_HAL_Driver/Src/stm32f3xx_hal_uart.o
 .text.HAL_UARTEx_WakeupCallback
                0x0000000008006b8e       0x14 ./Drivers/STM32F3xx_HAL_Driver/Src/stm32f3xx_hal_uart_ex.o
                0x0000000008006b8e                HAL_UARTEx_WakeupCallback
 *fill*         0x0000000008006ba2        0x2 
 .text.__libc_init_array
                0x0000000008006ba4       0x48 c:/st/stm32cubeide_1.12.1/stm32cubeide/plugins/com.st.stm32cube.ide.mcu.externaltools.gnu-tools-for-stm32.10.3-2021.10.win32_1.0.200.202301161003/tools/bin/../lib/gcc/arm-none-eabi/10.3.1/../../../../arm-none-eabi/lib/thumb/v7e-m+fp/hard\libc_nano.a(lib_a-init.o)
                0x0000000008006ba4                __libc_init_array
 .text.memset   0x0000000008006bec       0x10 c:/st/stm32cubeide_1.12.1/stm32cubeide/plugins/com.st.stm32cube.ide.mcu.externaltools.gnu-tools-for-stm32.10.3-2021.10.win32_1.0.200.202301161003/tools/bin/../lib/gcc/arm-none-eabi/10.3.1/../../../../arm-none-eabi/lib/thumb/v7e-m+fp/hard\libc_nano.a(lib_a-memset.o)
                0x0000000008006bec                memset
 *(.glue_7)
 .glue_7        0x0000000008006bfc        0x0 linker stubs
 *(.glue_7t)
 .glue_7t       0x0000000008006bfc        0x0 linker stubs
 *(.eh_frame)
 .eh_frame      0x0000000008006bfc        0x0 c:/st/stm32cubeide_1.12.1/stm32cubeide/plugins/com.st.stm32cube.ide.mcu.externaltools.gnu-tools-for-stm32.10.3-2021.10.win32_1.0.200.202301161003/tools/bin/../lib/gcc/arm-none-eabi/10.3.1/thumb/v7e-m+fp/hard/crtbegin.o
 *(.init)
 .init          0x0000000008006bfc        0x4 c:/st/stm32cubeide_1.12.1/stm32cubeide/plugins/com.st.stm32cube.ide.mcu.externaltools.gnu-tools-for-stm32.10.3-2021.10.win32_1.0.200.202301161003/tools/bin/../lib/gcc/arm-none-eabi/10.3.1/thumb/v7e-m+fp/hard/crti.o
                0x0000000008006bfc                _init
 .init          0x0000000008006c00        0x8 c:/st/stm32cubeide_1.12.1/stm32cubeide/plugins/com.st.stm32cube.ide.mcu.externaltools.gnu-tools-for-stm32.10.3-2021.10.win32_1.0.200.202301161003/tools/bin/../lib/gcc/arm-none-eabi/10.3.1/thumb/v7e-m+fp/hard/crtn.o
 *(.fini)
 .fini          0x0000000008006c08        0x4 c:/st/stm32cubeide_1.12.1/stm32cubeide/plugins/com.st.stm32cube.ide.mcu.externaltools.gnu-tools-for-stm32.10.3-2021.10.win32_1.0.200.202301161003/tools/bin/../lib/gcc/arm-none-eabi/10.3.1/thumb/v7e-m+fp/hard/crti.o
                0x0000000008006c08                _fini
 .fini          0x0000000008006c0c        0x8 c:/st/stm32cubeide_1.12.1/stm32cubeide/plugins/com.st.stm32cube.ide.mcu.externaltools.gnu-tools-for-stm32.10.3-2021.10.win32_1.0.200.202301161003/tools/bin/../lib/gcc/arm-none-eabi/10.3.1/thumb/v7e-m+fp/hard/crtn.o
                0x0000000008006c14                . = ALIGN (0x4)
                0x0000000008006c14                _etext = .

.vfp11_veneer   0x0000000008006c14        0x0
 .vfp11_veneer  0x0000000008006c14        0x0 linker stubs

.v4_bx          0x0000000008006c14        0x0
 .v4_bx         0x0000000008006c14        0x0 linker stubs

.iplt           0x0000000008006c14        0x0
 .iplt          0x0000000008006c14        0x0 c:/st/stm32cubeide_1.12.1/stm32cubeide/plugins/com.st.stm32cube.ide.mcu.externaltools.gnu-tools-for-stm32.10.3-2021.10.win32_1.0.200.202301161003/tools/bin/../lib/gcc/arm-none-eabi/10.3.1/thumb/v7e-m+fp/hard/crtbegin.o

.rodata         0x0000000008006c14       0x38
                0x0000000008006c14                . = ALIGN (0x4)
 *(.rodata)
 *(.rodata*)
 .rodata.AHBPrescTable
                0x0000000008006c14       0x10 ./Core/Src/system_stm32f3xx.o
                0x0000000008006c14                AHBPrescTable
 .rodata.APBPrescTable
                0x0000000008006c24        0x8 ./Core/Src/system_stm32f3xx.o
                0x0000000008006c24                APBPrescTable
 .rodata.aPLLMULFactorTable
                0x0000000008006c2c       0x10 ./Drivers/STM32F3xx_HAL_Driver/Src/stm32f3xx_hal_rcc.o
 .rodata.aPredivFactorTable
                0x0000000008006c3c       0x10 ./Drivers/STM32F3xx_HAL_Driver/Src/stm32f3xx_hal_rcc.o
                0x0000000008006c4c                . = ALIGN (0x4)

.rel.dyn        0x0000000008006c4c        0x0
 .rel.iplt      0x0000000008006c4c        0x0 c:/st/stm32cubeide_1.12.1/stm32cubeide/plugins/com.st.stm32cube.ide.mcu.externaltools.gnu-tools-for-stm32.10.3-2021.10.win32_1.0.200.202301161003/tools/bin/../lib/gcc/arm-none-eabi/10.3.1/thumb/v7e-m+fp/hard/crtbegin.o

.ARM.extab      0x0000000008006c4c        0x0
                0x0000000008006c4c                . = ALIGN (0x4)
 *(.ARM.extab* .gnu.linkonce.armextab.*)
                0x0000000008006c4c                . = ALIGN (0x4)

.ARM            0x0000000008006c4c        0x0
                0x0000000008006c4c                . = ALIGN (0x4)
                0x0000000008006c4c                __exidx_start = .
 *(.ARM.exidx*)
                0x0000000008006c4c                __exidx_end = .
                0x0000000008006c4c                . = ALIGN (0x4)

.preinit_array  0x0000000008006c4c        0x0
                0x0000000008006c4c                . = ALIGN (0x4)
                0x0000000008006c4c                PROVIDE (__preinit_array_start = .)
 *(.preinit_array*)
                0x0000000008006c4c                PROVIDE (__preinit_array_end = .)
                0x0000000008006c4c                . = ALIGN (0x4)

.init_array     0x0000000008006c4c        0x4
                0x0000000008006c4c                . = ALIGN (0x4)
                0x0000000008006c4c                PROVIDE (__init_array_start = .)
 *(SORT_BY_NAME(.init_array.*))
 *(.init_array*)
 .init_array    0x0000000008006c4c        0x4 c:/st/stm32cubeide_1.12.1/stm32cubeide/plugins/com.st.stm32cube.ide.mcu.externaltools.gnu-tools-for-stm32.10.3-2021.10.win32_1.0.200.202301161003/tools/bin/../lib/gcc/arm-none-eabi/10.3.1/thumb/v7e-m+fp/hard/crtbegin.o
                0x0000000008006c50                PROVIDE (__init_array_end = .)
                0x0000000008006c50                . = ALIGN (0x4)

.fini_array     0x0000000008006c50        0x4
                0x0000000008006c50                . = ALIGN (0x4)
                [!provide]                        PROVIDE (__fini_array_start = .)
 *(SORT_BY_NAME(.fini_array.*))
 *(.fini_array*)
 .fini_array    0x0000000008006c50        0x4 c:/st/stm32cubeide_1.12.1/stm32cubeide/plugins/com.st.stm32cube.ide.mcu.externaltools.gnu-tools-for-stm32.10.3-2021.10.win32_1.0.200.202301161003/tools/bin/../lib/gcc/arm-none-eabi/10.3.1/thumb/v7e-m+fp/hard/crtbegin.o
                [!provide]                        PROVIDE (__fini_array_end = .)
                0x0000000008006c54                . = ALIGN (0x4)
                0x0000000008006c54                _sidata = LOADADDR (.data)

.data           0x0000000020000000       0x18 load address 0x0000000008006c54
                0x0000000020000000                . = ALIGN (0x4)
                0x0000000020000000                _sdata = .
 *(.data)
 *(.data*)
 .data.ADDR_FLASH_PAGE_255
                0x0000000020000000        0x4 ./Core/Src/flash.o
                0x0000000020000000                ADDR_FLASH_PAGE_255
 .data.ADDR_FLASH_PAGE_254
                0x0000000020000004        0x4 ./Core/Src/flash.o
                0x0000000020000004                ADDR_FLASH_PAGE_254
 .data.ADDR_FLASH_PAGE_253
                0x0000000020000008        0x4 ./Core/Src/flash.o
                0x0000000020000008                ADDR_FLASH_PAGE_253
 .data.SystemCoreClock
                0x000000002000000c        0x4 ./Core/Src/system_stm32f3xx.o
                0x000000002000000c                SystemCoreClock
 .data.uwTickPrio
                0x0000000020000010        0x4 ./Drivers/STM32F3xx_HAL_Driver/Src/stm32f3xx_hal.o
                0x0000000020000010                uwTickPrio
 .data.uwTickFreq
                0x0000000020000014        0x1 ./Drivers/STM32F3xx_HAL_Driver/Src/stm32f3xx_hal.o
                0x0000000020000014                uwTickFreq
 *(.RamFunc)
 *(.RamFunc*)
                0x0000000020000018                . = ALIGN (0x4)
 *fill*         0x0000000020000015        0x3 
                0x0000000020000018                _edata = .
                0x0000000008006c6c                _siccmram = LOADADDR (.ccmram)

.igot.plt       0x0000000020000018        0x0 load address 0x0000000008006c6c
 .igot.plt      0x0000000020000018        0x0 c:/st/stm32cubeide_1.12.1/stm32cubeide/plugins/com.st.stm32cube.ide.mcu.externaltools.gnu-tools-for-stm32.10.3-2021.10.win32_1.0.200.202301161003/tools/bin/../lib/gcc/arm-none-eabi/10.3.1/thumb/v7e-m+fp/hard/crtbegin.o

.ccmram         0x0000000010000000        0x0 load address 0x0000000008006c6c
                0x0000000010000000                . = ALIGN (0x4)
                0x0000000010000000                _sccmram = .
 *(.ccmram)
 *(.ccmram*)
                0x0000000010000000                . = ALIGN (0x4)
                0x0000000010000000                _eccmram = .
                0x0000000010000000                . = ALIGN (0x4)

.bss            0x0000000020000018      0x1f0
                0x0000000020000018                _sbss = .
                0x0000000020000018                __bss_start__ = _sbss
 *(.bss)
 .bss           0x0000000020000018       0x1c c:/st/stm32cubeide_1.12.1/stm32cubeide/plugins/com.st.stm32cube.ide.mcu.externaltools.gnu-tools-for-stm32.10.3-2021.10.win32_1.0.200.202301161003/tools/bin/../lib/gcc/arm-none-eabi/10.3.1/thumb/v7e-m+fp/hard/crtbegin.o
 *(.bss*)
 .bss.p_error_page
                0x0000000020000034        0x4 ./Core/Src/flash.o
                0x0000000020000034                p_error_page
 .bss.flash_erase_power_init
                0x0000000020000038        0xc ./Core/Src/flash.o
                0x0000000020000038                flash_erase_power_init
 .bss.flash_erase_control_mode_init
                0x0000000020000044        0xc ./Core/Src/flash.o
                0x0000000020000044                flash_erase_control_mode_init
 .bss.flash_erase_wind_mode_init
                0x0000000020000050        0xc ./Core/Src/flash.o
                0x0000000020000050                flash_erase_wind_mode_init
 .bss.hadc1     0x000000002000005c       0x50 ./Core/Src/main.o
                0x000000002000005c                hadc1
 .bss.htim1     0x00000000200000ac       0x4c ./Core/Src/main.o
                0x00000000200000ac                htim1
 .bss.htim8     0x00000000200000f8       0x4c ./Core/Src/main.o
                0x00000000200000f8                htim8
 .bss.huart1    0x0000000020000144       0x88 ./Core/Src/main.o
                0x0000000020000144                huart1
 .bss.temperature
                0x00000000200001cc        0x4 ./Core/Src/main.o
                0x00000000200001cc                temperature
 .bss.receiveBuffer
                0x00000000200001d0        0x5 ./Core/Src/main.o
                0x00000000200001d0                receiveBuffer
 *fill*         0x00000000200001d5        0x3 
 .bss.sendBuffer
                0x00000000200001d8        0x9 ./Core/Src/main.o
                0x00000000200001d8                sendBuffer
 *fill*         0x00000000200001e1        0x3 
 .bss.uwTick    0x00000000200001e4        0x4 ./Drivers/STM32F3xx_HAL_Driver/Src/stm32f3xx_hal.o
                0x00000000200001e4                uwTick
 .bss.pFlash    0x00000000200001e8       0x20 ./Drivers/STM32F3xx_HAL_Driver/Src/stm32f3xx_hal_flash.o
                0x00000000200001e8                pFlash
 *(COMMON)
                0x0000000020000208                . = ALIGN (0x4)
                0x0000000020000208                _ebss = .
                0x0000000020000208                __bss_end__ = _ebss

._user_heap_stack
                0x0000000020000208      0x600
                0x0000000020000208                . = ALIGN (0x8)
                [!provide]                        PROVIDE (end = .)
                0x0000000020000208                PROVIDE (_end = .)
                0x0000000020000408                . = (. + _Min_Heap_Size)
 *fill*         0x0000000020000208      0x200 
                0x0000000020000808                . = (. + _Min_Stack_Size)
 *fill*         0x0000000020000408      0x400 
                0x0000000020000808                . = ALIGN (0x8)

/DISCARD/
 libc.a(*)
 libm.a(*)
 libgcc.a(*)

.ARM.attributes
                0x0000000000000000       0x30
 *(.ARM.attributes)
 .ARM.attributes
                0x0000000000000000       0x1e c:/st/stm32cubeide_1.12.1/stm32cubeide/plugins/com.st.stm32cube.ide.mcu.externaltools.gnu-tools-for-stm32.10.3-2021.10.win32_1.0.200.202301161003/tools/bin/../lib/gcc/arm-none-eabi/10.3.1/thumb/v7e-m+fp/hard/crti.o
 .ARM.attributes
                0x000000000000001e       0x34 c:/st/stm32cubeide_1.12.1/stm32cubeide/plugins/com.st.stm32cube.ide.mcu.externaltools.gnu-tools-for-stm32.10.3-2021.10.win32_1.0.200.202301161003/tools/bin/../lib/gcc/arm-none-eabi/10.3.1/thumb/v7e-m+fp/hard/crtbegin.o
 .ARM.attributes
                0x0000000000000052       0x34 ./Core/Src/flash.o
 .ARM.attributes
                0x0000000000000086       0x34 ./Core/Src/main.o
 .ARM.attributes
                0x00000000000000ba       0x34 ./Core/Src/message_handle.o
 .ARM.attributes
                0x00000000000000ee       0x34 ./Core/Src/stm32f3xx_hal_msp.o
 .ARM.attributes
                0x0000000000000122       0x34 ./Core/Src/stm32f3xx_it.o
 .ARM.attributes
                0x0000000000000156       0x34 ./Core/Src/system_stm32f3xx.o
 .ARM.attributes
                0x000000000000018a       0x21 ./Core/Startup/startup_stm32f303vctx.o
 .ARM.attributes
                0x00000000000001ab       0x34 ./Drivers/STM32F3xx_HAL_Driver/Src/stm32f3xx_hal.o
 .ARM.attributes
                0x00000000000001df       0x34 ./Drivers/STM32F3xx_HAL_Driver/Src/stm32f3xx_hal_adc.o
 .ARM.attributes
                0x0000000000000213       0x34 ./Drivers/STM32F3xx_HAL_Driver/Src/stm32f3xx_hal_adc_ex.o
 .ARM.attributes
                0x0000000000000247       0x34 ./Drivers/STM32F3xx_HAL_Driver/Src/stm32f3xx_hal_cortex.o
 .ARM.attributes
                0x000000000000027b       0x34 ./Drivers/STM32F3xx_HAL_Driver/Src/stm32f3xx_hal_dma.o
 .ARM.attributes
                0x00000000000002af       0x34 ./Drivers/STM32F3xx_HAL_Driver/Src/stm32f3xx_hal_flash.o
 .ARM.attributes
                0x00000000000002e3       0x34 ./Drivers/STM32F3xx_HAL_Driver/Src/stm32f3xx_hal_flash_ex.o
 .ARM.attributes
                0x0000000000000317       0x34 ./Drivers/STM32F3xx_HAL_Driver/Src/stm32f3xx_hal_gpio.o
 .ARM.attributes
                0x000000000000034b       0x34 ./Drivers/STM32F3xx_HAL_Driver/Src/stm32f3xx_hal_rcc.o
 .ARM.attributes
                0x000000000000037f       0x34 ./Drivers/STM32F3xx_HAL_Driver/Src/stm32f3xx_hal_rcc_ex.o
 .ARM.attributes
                0x00000000000003b3       0x34 ./Drivers/STM32F3xx_HAL_Driver/Src/stm32f3xx_hal_tim.o
 .ARM.attributes
                0x00000000000003e7       0x34 ./Drivers/STM32F3xx_HAL_Driver/Src/stm32f3xx_hal_tim_ex.o
 .ARM.attributes
                0x000000000000041b       0x34 ./Drivers/STM32F3xx_HAL_Driver/Src/stm32f3xx_hal_uart.o
 .ARM.attributes
                0x000000000000044f       0x34 ./Drivers/STM32F3xx_HAL_Driver/Src/stm32f3xx_hal_uart_ex.o
 .ARM.attributes
                0x0000000000000483       0x34 c:/st/stm32cubeide_1.12.1/stm32cubeide/plugins/com.st.stm32cube.ide.mcu.externaltools.gnu-tools-for-stm32.10.3-2021.10.win32_1.0.200.202301161003/tools/bin/../lib/gcc/arm-none-eabi/10.3.1/../../../../arm-none-eabi/lib/thumb/v7e-m+fp/hard\libc_nano.a(lib_a-init.o)
 .ARM.attributes
                0x00000000000004b7       0x34 c:/st/stm32cubeide_1.12.1/stm32cubeide/plugins/com.st.stm32cube.ide.mcu.externaltools.gnu-tools-for-stm32.10.3-2021.10.win32_1.0.200.202301161003/tools/bin/../lib/gcc/arm-none-eabi/10.3.1/../../../../arm-none-eabi/lib/thumb/v7e-m+fp/hard\libc_nano.a(lib_a-memset.o)
 .ARM.attributes
                0x00000000000004eb       0x1e c:/st/stm32cubeide_1.12.1/stm32cubeide/plugins/com.st.stm32cube.ide.mcu.externaltools.gnu-tools-for-stm32.10.3-2021.10.win32_1.0.200.202301161003/tools/bin/../lib/gcc/arm-none-eabi/10.3.1/thumb/v7e-m+fp/hard/crtn.o
OUTPUT(Fan_Control_Uart.elf elf32-littlearm)
LOAD linker stubs
LOAD c:/st/stm32cubeide_1.12.1/stm32cubeide/plugins/com.st.stm32cube.ide.mcu.externaltools.gnu-tools-for-stm32.10.3-2021.10.win32_1.0.200.202301161003/tools/bin/../lib/gcc/arm-none-eabi/10.3.1/../../../../arm-none-eabi/lib/thumb/v7e-m+fp/hard\libc.a
LOAD c:/st/stm32cubeide_1.12.1/stm32cubeide/plugins/com.st.stm32cube.ide.mcu.externaltools.gnu-tools-for-stm32.10.3-2021.10.win32_1.0.200.202301161003/tools/bin/../lib/gcc/arm-none-eabi/10.3.1/../../../../arm-none-eabi/lib/thumb/v7e-m+fp/hard\libm.a
LOAD c:/st/stm32cubeide_1.12.1/stm32cubeide/plugins/com.st.stm32cube.ide.mcu.externaltools.gnu-tools-for-stm32.10.3-2021.10.win32_1.0.200.202301161003/tools/bin/../lib/gcc/arm-none-eabi/10.3.1/thumb/v7e-m+fp/hard\libgcc.a

.debug_info     0x0000000000000000    0x14867
 .debug_info    0x0000000000000000      0xa84 ./Core/Src/flash.o
 .debug_info    0x0000000000000a84     0x19c4 ./Core/Src/main.o
 .debug_info    0x0000000000002448      0x4d1 ./Core/Src/message_handle.o
 .debug_info    0x0000000000002919     0x145a ./Core/Src/stm32f3xx_hal_msp.o
 .debug_info    0x0000000000003d73      0xb1c ./Core/Src/stm32f3xx_it.o
 .debug_info    0x000000000000488f      0x416 ./Core/Src/system_stm32f3xx.o
 .debug_info    0x0000000000004ca5       0x22 ./Core/Startup/startup_stm32f303vctx.o
 .debug_info    0x0000000000004cc7      0x807 ./Drivers/STM32F3xx_HAL_Driver/Src/stm32f3xx_hal.o
 .debug_info    0x00000000000054ce      0xb9e ./Drivers/STM32F3xx_HAL_Driver/Src/stm32f3xx_hal_adc.o
 .debug_info    0x000000000000606c     0x16d2 ./Drivers/STM32F3xx_HAL_Driver/Src/stm32f3xx_hal_adc_ex.o
 .debug_info    0x000000000000773e      0xd85 ./Drivers/STM32F3xx_HAL_Driver/Src/stm32f3xx_hal_cortex.o
 .debug_info    0x00000000000084c3      0x757 ./Drivers/STM32F3xx_HAL_Driver/Src/stm32f3xx_hal_dma.o
 .debug_info    0x0000000000008c1a      0x53d ./Drivers/STM32F3xx_HAL_Driver/Src/stm32f3xx_hal_flash.o
 .debug_info    0x0000000000009157      0x83b ./Drivers/STM32F3xx_HAL_Driver/Src/stm32f3xx_hal_flash_ex.o
 .debug_info    0x0000000000009992      0x68a ./Drivers/STM32F3xx_HAL_Driver/Src/stm32f3xx_hal_gpio.o
 .debug_info    0x000000000000a01c     0x1585 ./Drivers/STM32F3xx_HAL_Driver/Src/stm32f3xx_hal_rcc.o
 .debug_info    0x000000000000b5a1      0x628 ./Drivers/STM32F3xx_HAL_Driver/Src/stm32f3xx_hal_rcc_ex.o
 .debug_info    0x000000000000bbc9     0x2cdb ./Drivers/STM32F3xx_HAL_Driver/Src/stm32f3xx_hal_tim.o
 .debug_info    0x000000000000e8a4     0x16a8 ./Drivers/STM32F3xx_HAL_Driver/Src/stm32f3xx_hal_tim_ex.o
 .debug_info    0x000000000000ff4c     0x3bf8 ./Drivers/STM32F3xx_HAL_Driver/Src/stm32f3xx_hal_uart.o
 .debug_info    0x0000000000013b44      0xd23 ./Drivers/STM32F3xx_HAL_Driver/Src/stm32f3xx_hal_uart_ex.o

.debug_abbrev   0x0000000000000000     0x2cb8
 .debug_abbrev  0x0000000000000000      0x221 ./Core/Src/flash.o
 .debug_abbrev  0x0000000000000221      0x300 ./Core/Src/main.o
 .debug_abbrev  0x0000000000000521      0x18f ./Core/Src/message_handle.o
 .debug_abbrev  0x00000000000006b0      0x211 ./Core/Src/stm32f3xx_hal_msp.o
 .debug_abbrev  0x00000000000008c1      0x19e ./Core/Src/stm32f3xx_it.o
 .debug_abbrev  0x0000000000000a5f      0x116 ./Core/Src/system_stm32f3xx.o
 .debug_abbrev  0x0000000000000b75       0x12 ./Core/Startup/startup_stm32f303vctx.o
 .debug_abbrev  0x0000000000000b87      0x20e ./Drivers/STM32F3xx_HAL_Driver/Src/stm32f3xx_hal.o
 .debug_abbrev  0x0000000000000d95      0x17a ./Drivers/STM32F3xx_HAL_Driver/Src/stm32f3xx_hal_adc.o
 .debug_abbrev  0x0000000000000f0f      0x27a ./Drivers/STM32F3xx_HAL_Driver/Src/stm32f3xx_hal_adc_ex.o
 .debug_abbrev  0x0000000000001189      0x316 ./Drivers/STM32F3xx_HAL_Driver/Src/stm32f3xx_hal_cortex.o
 .debug_abbrev  0x000000000000149f      0x1fe ./Drivers/STM32F3xx_HAL_Driver/Src/stm32f3xx_hal_dma.o
 .debug_abbrev  0x000000000000169d      0x250 ./Drivers/STM32F3xx_HAL_Driver/Src/stm32f3xx_hal_flash.o
 .debug_abbrev  0x00000000000018ed      0x2a0 ./Drivers/STM32F3xx_HAL_Driver/Src/stm32f3xx_hal_flash_ex.o
 .debug_abbrev  0x0000000000001b8d      0x1bb ./Drivers/STM32F3xx_HAL_Driver/Src/stm32f3xx_hal_gpio.o
 .debug_abbrev  0x0000000000001d48      0x2f9 ./Drivers/STM32F3xx_HAL_Driver/Src/stm32f3xx_hal_rcc.o
 .debug_abbrev  0x0000000000002041      0x240 ./Drivers/STM32F3xx_HAL_Driver/Src/stm32f3xx_hal_rcc_ex.o
 .debug_abbrev  0x0000000000002281      0x264 ./Drivers/STM32F3xx_HAL_Driver/Src/stm32f3xx_hal_tim.o
 .debug_abbrev  0x00000000000024e5      0x26c ./Drivers/STM32F3xx_HAL_Driver/Src/stm32f3xx_hal_tim_ex.o
 .debug_abbrev  0x0000000000002751      0x2bc ./Drivers/STM32F3xx_HAL_Driver/Src/stm32f3xx_hal_uart.o
 .debug_abbrev  0x0000000000002a0d      0x2ab ./Drivers/STM32F3xx_HAL_Driver/Src/stm32f3xx_hal_uart_ex.o

.debug_aranges  0x0000000000000000     0x1100
 .debug_aranges
                0x0000000000000000       0x68 ./Core/Src/flash.o
 .debug_aranges
                0x0000000000000068       0x60 ./Core/Src/main.o
 .debug_aranges
                0x00000000000000c8       0x48 ./Core/Src/message_handle.o
 .debug_aranges
                0x0000000000000110       0x58 ./Core/Src/stm32f3xx_hal_msp.o
 .debug_aranges
                0x0000000000000168       0x70 ./Core/Src/stm32f3xx_it.o
 .debug_aranges
                0x00000000000001d8       0x28 ./Core/Src/system_stm32f3xx.o
 .debug_aranges
                0x0000000000000200       0x28 ./Core/Startup/startup_stm32f303vctx.o
 .debug_aranges
                0x0000000000000228       0xe0 ./Drivers/STM32F3xx_HAL_Driver/Src/stm32f3xx_hal.o
 .debug_aranges
                0x0000000000000308       0xc8 ./Drivers/STM32F3xx_HAL_Driver/Src/stm32f3xx_hal_adc.o
 .debug_aranges
                0x00000000000003d0      0x168 ./Drivers/STM32F3xx_HAL_Driver/Src/stm32f3xx_hal_adc_ex.o
 .debug_aranges
                0x0000000000000538      0x118 ./Drivers/STM32F3xx_HAL_Driver/Src/stm32f3xx_hal_cortex.o
 .debug_aranges
                0x0000000000000650       0x88 ./Drivers/STM32F3xx_HAL_Driver/Src/stm32f3xx_hal_dma.o
 .debug_aranges
                0x00000000000006d8       0x88 ./Drivers/STM32F3xx_HAL_Driver/Src/stm32f3xx_hal_flash.o
 .debug_aranges
                0x0000000000000760       0x98 ./Drivers/STM32F3xx_HAL_Driver/Src/stm32f3xx_hal_flash_ex.o
 .debug_aranges
                0x00000000000007f8       0x58 ./Drivers/STM32F3xx_HAL_Driver/Src/stm32f3xx_hal_gpio.o
 .debug_aranges
                0x0000000000000850       0x88 ./Drivers/STM32F3xx_HAL_Driver/Src/stm32f3xx_hal_rcc.o
 .debug_aranges
                0x00000000000008d8       0x38 ./Drivers/STM32F3xx_HAL_Driver/Src/stm32f3xx_hal_rcc_ex.o
 .debug_aranges
                0x0000000000000910      0x3e0 ./Drivers/STM32F3xx_HAL_Driver/Src/stm32f3xx_hal_tim.o
 .debug_aranges
                0x0000000000000cf0      0x178 ./Drivers/STM32F3xx_HAL_Driver/Src/stm32f3xx_hal_tim_ex.o
 .debug_aranges
                0x0000000000000e68      0x228 ./Drivers/STM32F3xx_HAL_Driver/Src/stm32f3xx_hal_uart.o
 .debug_aranges
                0x0000000000001090       0x70 ./Drivers/STM32F3xx_HAL_Driver/Src/stm32f3xx_hal_uart_ex.o

.debug_ranges   0x0000000000000000     0x1020
 .debug_ranges  0x0000000000000000       0x58 ./Core/Src/flash.o
 .debug_ranges  0x0000000000000058       0x50 ./Core/Src/main.o
 .debug_ranges  0x00000000000000a8       0x70 ./Core/Src/message_handle.o
 .debug_ranges  0x0000000000000118       0x48 ./Core/Src/stm32f3xx_hal_msp.o
 .debug_ranges  0x0000000000000160       0x60 ./Core/Src/stm32f3xx_it.o
 .debug_ranges  0x00000000000001c0       0x18 ./Core/Src/system_stm32f3xx.o
 .debug_ranges  0x00000000000001d8       0x20 ./Core/Startup/startup_stm32f303vctx.o
 .debug_ranges  0x00000000000001f8       0xd0 ./Drivers/STM32F3xx_HAL_Driver/Src/stm32f3xx_hal.o
 .debug_ranges  0x00000000000002c8       0xb8 ./Drivers/STM32F3xx_HAL_Driver/Src/stm32f3xx_hal_adc.o
 .debug_ranges  0x0000000000000380      0x158 ./Drivers/STM32F3xx_HAL_Driver/Src/stm32f3xx_hal_adc_ex.o
 .debug_ranges  0x00000000000004d8      0x108 ./Drivers/STM32F3xx_HAL_Driver/Src/stm32f3xx_hal_cortex.o
 .debug_ranges  0x00000000000005e0       0x78 ./Drivers/STM32F3xx_HAL_Driver/Src/stm32f3xx_hal_dma.o
 .debug_ranges  0x0000000000000658       0x78 ./Drivers/STM32F3xx_HAL_Driver/Src/stm32f3xx_hal_flash.o
 .debug_ranges  0x00000000000006d0       0x88 ./Drivers/STM32F3xx_HAL_Driver/Src/stm32f3xx_hal_flash_ex.o
 .debug_ranges  0x0000000000000758       0x48 ./Drivers/STM32F3xx_HAL_Driver/Src/stm32f3xx_hal_gpio.o
 .debug_ranges  0x00000000000007a0       0x78 ./Drivers/STM32F3xx_HAL_Driver/Src/stm32f3xx_hal_rcc.o
 .debug_ranges  0x0000000000000818       0x28 ./Drivers/STM32F3xx_HAL_Driver/Src/stm32f3xx_hal_rcc_ex.o
 .debug_ranges  0x0000000000000840      0x3d0 ./Drivers/STM32F3xx_HAL_Driver/Src/stm32f3xx_hal_tim.o
 .debug_ranges  0x0000000000000c10      0x168 ./Drivers/STM32F3xx_HAL_Driver/Src/stm32f3xx_hal_tim_ex.o
 .debug_ranges  0x0000000000000d78      0x248 ./Drivers/STM32F3xx_HAL_Driver/Src/stm32f3xx_hal_uart.o
 .debug_ranges  0x0000000000000fc0       0x60 ./Drivers/STM32F3xx_HAL_Driver/Src/stm32f3xx_hal_uart_ex.o

.debug_macro    0x0000000000000000    0x1f864
 .debug_macro   0x0000000000000000      0x20d ./Core/Src/flash.o
 .debug_macro   0x000000000000020d      0xa78 ./Core/Src/flash.o
 .debug_macro   0x0000000000000c85       0x22 ./Core/Src/flash.o
 .debug_macro   0x0000000000000ca7       0x8e ./Core/Src/flash.o
 .debug_macro   0x0000000000000d35       0x51 ./Core/Src/flash.o
 .debug_macro   0x0000000000000d86      0x103 ./Core/Src/flash.o
 .debug_macro   0x0000000000000e89       0x6a ./Core/Src/flash.o
 .debug_macro   0x0000000000000ef3      0x1df ./Core/Src/flash.o
 .debug_macro   0x00000000000010d2       0x1c ./Core/Src/flash.o
 .debug_macro   0x00000000000010ee      0x15d ./Core/Src/flash.o
 .debug_macro   0x000000000000124b       0x2e ./Core/Src/flash.o
 .debug_macro   0x0000000000001279       0x28 ./Core/Src/flash.o
 .debug_macro   0x00000000000012a1       0x1c ./Core/Src/flash.o
 .debug_macro   0x00000000000012bd       0x22 ./Core/Src/flash.o
 .debug_macro   0x00000000000012df       0xd9 ./Core/Src/flash.o
 .debug_macro   0x00000000000013b8     0x102d ./Core/Src/flash.o
 .debug_macro   0x00000000000023e5      0x11f ./Core/Src/flash.o
 .debug_macro   0x0000000000002504    0x12a3a ./Core/Src/flash.o
 .debug_macro   0x0000000000014f3e       0x6d ./Core/Src/flash.o
 .debug_macro   0x0000000000014fab     0x3558 ./Core/Src/flash.o
 .debug_macro   0x0000000000018503      0x174 ./Core/Src/flash.o
 .debug_macro   0x0000000000018677       0x55 ./Core/Src/flash.o
 .debug_macro   0x00000000000186cc      0x961 ./Core/Src/flash.o
 .debug_macro   0x000000000001902d      0x5fe ./Core/Src/flash.o
 .debug_macro   0x000000000001962b      0x1b5 ./Core/Src/flash.o
 .debug_macro   0x00000000000197e0      0x1fb ./Core/Src/flash.o
 .debug_macro   0x00000000000199db      0x1dc ./Core/Src/flash.o
 .debug_macro   0x0000000000019bb7      0x1bc ./Core/Src/flash.o
 .debug_macro   0x0000000000019d73       0x30 ./Core/Src/flash.o
 .debug_macro   0x0000000000019da3       0x3c ./Core/Src/flash.o
 .debug_macro   0x0000000000019ddf      0x235 ./Core/Src/flash.o
 .debug_macro   0x000000000001a014      0x9b1 ./Core/Src/flash.o
 .debug_macro   0x000000000001a9c5       0x77 ./Core/Src/flash.o
 .debug_macro   0x000000000001aa3c       0xc5 ./Core/Src/flash.o
 .debug_macro   0x000000000001ab01      0x21d ./Core/Src/flash.o
 .debug_macro   0x000000000001ad1e      0x22c ./Core/Src/flash.o
 .debug_macro   0x000000000001af4a       0x5b ./Core/Src/flash.o
 .debug_macro   0x000000000001afa5       0xa5 ./Core/Src/flash.o
 .debug_macro   0x000000000001b04a       0x81 ./Core/Src/flash.o
 .debug_macro   0x000000000001b0cb       0xd3 ./Core/Src/flash.o
 .debug_macro   0x000000000001b19e      0xa59 ./Core/Src/flash.o
 .debug_macro   0x000000000001bbf7       0x89 ./Core/Src/flash.o
 .debug_macro   0x000000000001bc80      0x5ba ./Core/Src/flash.o
 .debug_macro   0x000000000001c23a       0x3e ./Core/Src/flash.o
 .debug_macro   0x000000000001c278      0x275 ./Core/Src/flash.o
 .debug_macro   0x000000000001c4ed      0x37e ./Core/Src/main.o
 .debug_macro   0x000000000001c86b       0x22 ./Core/Src/main.o
 .debug_macro   0x000000000001c88d       0x52 ./Core/Src/main.o
 .debug_macro   0x000000000001c8df       0x1e ./Core/Src/main.o
 .debug_macro   0x000000000001c8fd       0x3c ./Core/Src/main.o
 .debug_macro   0x000000000001c939       0x34 ./Core/Src/main.o
 .debug_macro   0x000000000001c96d       0x16 ./Core/Src/main.o
 .debug_macro   0x000000000001c983       0x35 ./Core/Src/main.o
 .debug_macro   0x000000000001c9b8      0x341 ./Core/Src/main.o
 .debug_macro   0x000000000001ccf9       0x10 ./Core/Src/main.o
 .debug_macro   0x000000000001cd09       0x16 ./Core/Src/main.o
 .debug_macro   0x000000000001cd1f       0x43 ./Core/Src/main.o
 .debug_macro   0x000000000001cd62       0x34 ./Core/Src/main.o
 .debug_macro   0x000000000001cd96       0x10 ./Core/Src/main.o
 .debug_macro   0x000000000001cda6       0x58 ./Core/Src/main.o
 .debug_macro   0x000000000001cdfe       0x71 ./Core/Src/main.o
 .debug_macro   0x000000000001ce6f       0x1c ./Core/Src/main.o
 .debug_macro   0x000000000001ce8b      0x12a ./Core/Src/main.o
 .debug_macro   0x000000000001cfb5       0x10 ./Core/Src/main.o
 .debug_macro   0x000000000001cfc5       0x1c ./Core/Src/main.o
 .debug_macro   0x000000000001cfe1       0x52 ./Core/Src/main.o
 .debug_macro   0x000000000001d033       0x22 ./Core/Src/main.o
 .debug_macro   0x000000000001d055       0x10 ./Core/Src/main.o
 .debug_macro   0x000000000001d065       0x52 ./Core/Src/main.o
 .debug_macro   0x000000000001d0b7       0xd5 ./Core/Src/main.o
 .debug_macro   0x000000000001d18c       0x1c ./Core/Src/main.o
 .debug_macro   0x000000000001d1a8       0x3d ./Core/Src/main.o
 .debug_macro   0x000000000001d1e5       0x16 ./Core/Src/main.o
 .debug_macro   0x000000000001d1fb      0x145 ./Core/Src/main.o
 .debug_macro   0x000000000001d340      0x36c ./Core/Src/message_handle.o
 .debug_macro   0x000000000001d6ac      0x1fa ./Core/Src/stm32f3xx_hal_msp.o
 .debug_macro   0x000000000001d8a6      0x204 ./Core/Src/stm32f3xx_it.o
 .debug_macro   0x000000000001daaa      0x1f0 ./Core/Src/system_stm32f3xx.o
 .debug_macro   0x000000000001dc9a      0x214 ./Drivers/STM32F3xx_HAL_Driver/Src/stm32f3xx_hal.o
 .debug_macro   0x000000000001deae      0x1f1 ./Drivers/STM32F3xx_HAL_Driver/Src/stm32f3xx_hal_adc.o
 .debug_macro   0x000000000001e09f      0x21a ./Drivers/STM32F3xx_HAL_Driver/Src/stm32f3xx_hal_adc_ex.o
 .debug_macro   0x000000000001e2b9      0x1f0 ./Drivers/STM32F3xx_HAL_Driver/Src/stm32f3xx_hal_cortex.o
 .debug_macro   0x000000000001e4a9      0x1f0 ./Drivers/STM32F3xx_HAL_Driver/Src/stm32f3xx_hal_dma.o
 .debug_macro   0x000000000001e699      0x1f0 ./Drivers/STM32F3xx_HAL_Driver/Src/stm32f3xx_hal_flash.o
 .debug_macro   0x000000000001e889      0x202 ./Drivers/STM32F3xx_HAL_Driver/Src/stm32f3xx_hal_flash_ex.o
 .debug_macro   0x000000000001ea8b      0x1f7 ./Drivers/STM32F3xx_HAL_Driver/Src/stm32f3xx_hal_gpio.o
 .debug_macro   0x000000000001ec82      0x214 ./Drivers/STM32F3xx_HAL_Driver/Src/stm32f3xx_hal_rcc.o
 .debug_macro   0x000000000001ee96      0x1f0 ./Drivers/STM32F3xx_HAL_Driver/Src/stm32f3xx_hal_rcc_ex.o
 .debug_macro   0x000000000001f086      0x1f1 ./Drivers/STM32F3xx_HAL_Driver/Src/stm32f3xx_hal_tim.o
 .debug_macro   0x000000000001f277      0x1f0 ./Drivers/STM32F3xx_HAL_Driver/Src/stm32f3xx_hal_tim_ex.o
 .debug_macro   0x000000000001f467      0x20d ./Drivers/STM32F3xx_HAL_Driver/Src/stm32f3xx_hal_uart.o
 .debug_macro   0x000000000001f674      0x1f0 ./Drivers/STM32F3xx_HAL_Driver/Src/stm32f3xx_hal_uart_ex.o

.debug_line     0x0000000000000000    0x162e8
 .debug_line    0x0000000000000000      0x92a ./Core/Src/flash.o
 .debug_line    0x000000000000092a      0xc6d ./Core/Src/main.o
 .debug_line    0x0000000000001597      0xaee ./Core/Src/message_handle.o
 .debug_line    0x0000000000002085      0x86d ./Core/Src/stm32f3xx_hal_msp.o
 .debug_line    0x00000000000028f2      0x812 ./Core/Src/stm32f3xx_it.o
 .debug_line    0x0000000000003104      0x796 ./Core/Src/system_stm32f3xx.o
 .debug_line    0x000000000000389a       0x88 ./Core/Startup/startup_stm32f303vctx.o
 .debug_line    0x0000000000003922      0x9cb ./Drivers/STM32F3xx_HAL_Driver/Src/stm32f3xx_hal.o
 .debug_line    0x00000000000042ed      0x90f ./Drivers/STM32F3xx_HAL_Driver/Src/stm32f3xx_hal_adc.o
 .debug_line    0x0000000000004bfc     0x2758 ./Drivers/STM32F3xx_HAL_Driver/Src/stm32f3xx_hal_adc_ex.o
 .debug_line    0x0000000000007354      0xc90 ./Drivers/STM32F3xx_HAL_Driver/Src/stm32f3xx_hal_cortex.o
 .debug_line    0x0000000000007fe4      0xcdd ./Drivers/STM32F3xx_HAL_Driver/Src/stm32f3xx_hal_dma.o
 .debug_line    0x0000000000008cc1      0xa61 ./Drivers/STM32F3xx_HAL_Driver/Src/stm32f3xx_hal_flash.o
 .debug_line    0x0000000000009722      0xbca ./Drivers/STM32F3xx_HAL_Driver/Src/stm32f3xx_hal_flash_ex.o
 .debug_line    0x000000000000a2ec      0xb2a ./Drivers/STM32F3xx_HAL_Driver/Src/stm32f3xx_hal_gpio.o
 .debug_line    0x000000000000ae16     0x13a8 ./Drivers/STM32F3xx_HAL_Driver/Src/stm32f3xx_hal_rcc.o
 .debug_line    0x000000000000c1be      0xd34 ./Drivers/STM32F3xx_HAL_Driver/Src/stm32f3xx_hal_rcc_ex.o
 .debug_line    0x000000000000cef2     0x3d2f ./Drivers/STM32F3xx_HAL_Driver/Src/stm32f3xx_hal_tim.o
 .debug_line    0x0000000000010c21     0x1ab2 ./Drivers/STM32F3xx_HAL_Driver/Src/stm32f3xx_hal_tim_ex.o
 .debug_line    0x00000000000126d3     0x30e7 ./Drivers/STM32F3xx_HAL_Driver/Src/stm32f3xx_hal_uart.o
 .debug_line    0x00000000000157ba      0xb2e ./Drivers/STM32F3xx_HAL_Driver/Src/stm32f3xx_hal_uart_ex.o

.debug_str      0x0000000000000000    0xc077a
 .debug_str     0x0000000000000000    0xb7eff ./Core/Src/flash.o
                                      0xb8695 (size before relaxing)
 .debug_str     0x00000000000b7eff     0x4902 ./Core/Src/main.o
                                      0xbcefd (size before relaxing)
 .debug_str     0x00000000000bc801      0x192 ./Core/Src/message_handle.o
                                      0xbbecd (size before relaxing)
 .debug_str     0x00000000000bc993      0x4a3 ./Core/Src/stm32f3xx_hal_msp.o
                                      0xb8e33 (size before relaxing)
 .debug_str     0x00000000000bce36      0x102 ./Core/Src/stm32f3xx_it.o
                                      0xb8616 (size before relaxing)
 .debug_str     0x00000000000bcf38       0xdf ./Core/Src/system_stm32f3xx.o
                                      0xb7faf (size before relaxing)
 .debug_str     0x00000000000bd017       0x36 ./Core/Startup/startup_stm32f303vctx.o
                                         0x6e (size before relaxing)
 .debug_str     0x00000000000bd04d      0x3a1 ./Drivers/STM32F3xx_HAL_Driver/Src/stm32f3xx_hal.o
                                      0xb87ed (size before relaxing)
 .debug_str     0x00000000000bd3ee      0x1bf ./Drivers/STM32F3xx_HAL_Driver/Src/stm32f3xx_hal_adc.o
                                      0xb859c (size before relaxing)
 .debug_str     0x00000000000bd5ad      0x6c8 ./Drivers/STM32F3xx_HAL_Driver/Src/stm32f3xx_hal_adc_ex.o
                                      0xb8cb5 (size before relaxing)
 .debug_str     0x00000000000bdc75      0x320 ./Drivers/STM32F3xx_HAL_Driver/Src/stm32f3xx_hal_cortex.o
                                      0xb883f (size before relaxing)
 .debug_str     0x00000000000bdf95      0x229 ./Drivers/STM32F3xx_HAL_Driver/Src/stm32f3xx_hal_dma.o
                                      0xb82f7 (size before relaxing)
 .debug_str     0x00000000000be1be      0x253 ./Drivers/STM32F3xx_HAL_Driver/Src/stm32f3xx_hal_flash.o
                                      0xb81fc (size before relaxing)
 .debug_str     0x00000000000be411      0x34d ./Drivers/STM32F3xx_HAL_Driver/Src/stm32f3xx_hal_flash_ex.o
                                      0xb83f8 (size before relaxing)
 .debug_str     0x00000000000be75e      0x167 ./Drivers/STM32F3xx_HAL_Driver/Src/stm32f3xx_hal_gpio.o
                                      0xb811c (size before relaxing)
 .debug_str     0x00000000000be8c5      0x2b8 ./Drivers/STM32F3xx_HAL_Driver/Src/stm32f3xx_hal_rcc.o
                                      0xb844f (size before relaxing)
 .debug_str     0x00000000000beb7d       0xbe ./Drivers/STM32F3xx_HAL_Driver/Src/stm32f3xx_hal_rcc_ex.o
                                      0xb8213 (size before relaxing)
 .debug_str     0x00000000000bec3b      0xd4d ./Drivers/STM32F3xx_HAL_Driver/Src/stm32f3xx_hal_tim.o
                                      0xb93d6 (size before relaxing)
 .debug_str     0x00000000000bf988      0x402 ./Drivers/STM32F3xx_HAL_Driver/Src/stm32f3xx_hal_tim_ex.o
                                      0xb8c2c (size before relaxing)
 .debug_str     0x00000000000bfd8a      0x838 ./Drivers/STM32F3xx_HAL_Driver/Src/stm32f3xx_hal_uart.o
                                      0xb8cd2 (size before relaxing)
 .debug_str     0x00000000000c05c2      0x1b8 ./Drivers/STM32F3xx_HAL_Driver/Src/stm32f3xx_hal_uart_ex.o
                                      0xb85d7 (size before relaxing)

.comment        0x0000000000000000       0x50
 .comment       0x0000000000000000       0x50 ./Core/Src/flash.o
                                         0x51 (size before relaxing)
 .comment       0x0000000000000050       0x51 ./Core/Src/main.o
 .comment       0x0000000000000050       0x51 ./Core/Src/message_handle.o
 .comment       0x0000000000000050       0x51 ./Core/Src/stm32f3xx_hal_msp.o
 .comment       0x0000000000000050       0x51 ./Core/Src/stm32f3xx_it.o
 .comment       0x0000000000000050       0x51 ./Core/Src/system_stm32f3xx.o
 .comment       0x0000000000000050       0x51 ./Drivers/STM32F3xx_HAL_Driver/Src/stm32f3xx_hal.o
 .comment       0x0000000000000050       0x51 ./Drivers/STM32F3xx_HAL_Driver/Src/stm32f3xx_hal_adc.o
 .comment       0x0000000000000050       0x51 ./Drivers/STM32F3xx_HAL_Driver/Src/stm32f3xx_hal_adc_ex.o
 .comment       0x0000000000000050       0x51 ./Drivers/STM32F3xx_HAL_Driver/Src/stm32f3xx_hal_cortex.o
 .comment       0x0000000000000050       0x51 ./Drivers/STM32F3xx_HAL_Driver/Src/stm32f3xx_hal_dma.o
 .comment       0x0000000000000050       0x51 ./Drivers/STM32F3xx_HAL_Driver/Src/stm32f3xx_hal_flash.o
 .comment       0x0000000000000050       0x51 ./Drivers/STM32F3xx_HAL_Driver/Src/stm32f3xx_hal_flash_ex.o
 .comment       0x0000000000000050       0x51 ./Drivers/STM32F3xx_HAL_Driver/Src/stm32f3xx_hal_gpio.o
 .comment       0x0000000000000050       0x51 ./Drivers/STM32F3xx_HAL_Driver/Src/stm32f3xx_hal_rcc.o
 .comment       0x0000000000000050       0x51 ./Drivers/STM32F3xx_HAL_Driver/Src/stm32f3xx_hal_rcc_ex.o
 .comment       0x0000000000000050       0x51 ./Drivers/STM32F3xx_HAL_Driver/Src/stm32f3xx_hal_tim.o
 .comment       0x0000000000000050       0x51 ./Drivers/STM32F3xx_HAL_Driver/Src/stm32f3xx_hal_tim_ex.o
 .comment       0x0000000000000050       0x51 ./Drivers/STM32F3xx_HAL_Driver/Src/stm32f3xx_hal_uart.o
 .comment       0x0000000000000050       0x51 ./Drivers/STM32F3xx_HAL_Driver/Src/stm32f3xx_hal_uart_ex.o

.debug_frame    0x0000000000000000     0x475c
 .debug_frame   0x0000000000000000      0x1a8 ./Core/Src/flash.o
 .debug_frame   0x00000000000001a8      0x144 ./Core/Src/main.o
 .debug_frame   0x00000000000002ec       0xec ./Core/Src/message_handle.o
 .debug_frame   0x00000000000003d8      0x13c ./Core/Src/stm32f3xx_hal_msp.o
 .debug_frame   0x0000000000000514      0x13c ./Core/Src/stm32f3xx_it.o
 .debug_frame   0x0000000000000650       0x58 ./Core/Src/system_stm32f3xx.o
 .debug_frame   0x00000000000006a8      0x334 ./Drivers/STM32F3xx_HAL_Driver/Src/stm32f3xx_hal.o
 .debug_frame   0x00000000000009dc      0x380 ./Drivers/STM32F3xx_HAL_Driver/Src/stm32f3xx_hal_adc.o
 .debug_frame   0x0000000000000d5c      0x644 ./Drivers/STM32F3xx_HAL_Driver/Src/stm32f3xx_hal_adc_ex.o
 .debug_frame   0x00000000000013a0      0x498 ./Drivers/STM32F3xx_HAL_Driver/Src/stm32f3xx_hal_cortex.o
 .debug_frame   0x0000000000001838      0x224 ./Drivers/STM32F3xx_HAL_Driver/Src/stm32f3xx_hal_dma.o
 .debug_frame   0x0000000000001a5c      0x20c ./Drivers/STM32F3xx_HAL_Driver/Src/stm32f3xx_hal_flash.o
 .debug_frame   0x0000000000001c68      0x258 ./Drivers/STM32F3xx_HAL_Driver/Src/stm32f3xx_hal_flash_ex.o
 .debug_frame   0x0000000000001ec0      0x14c ./Drivers/STM32F3xx_HAL_Driver/Src/stm32f3xx_hal_gpio.o
 .debug_frame   0x000000000000200c      0x214 ./Drivers/STM32F3xx_HAL_Driver/Src/stm32f3xx_hal_rcc.o
 .debug_frame   0x0000000000002220       0xb0 ./Drivers/STM32F3xx_HAL_Driver/Src/stm32f3xx_hal_rcc_ex.o
 .debug_frame   0x00000000000022d0     0x121c ./Drivers/STM32F3xx_HAL_Driver/Src/stm32f3xx_hal_tim.o
 .debug_frame   0x00000000000034ec      0x688 ./Drivers/STM32F3xx_HAL_Driver/Src/stm32f3xx_hal_tim_ex.o
 .debug_frame   0x0000000000003b74      0x9e8 ./Drivers/STM32F3xx_HAL_Driver/Src/stm32f3xx_hal_uart.o
 .debug_frame   0x000000000000455c      0x1b4 ./Drivers/STM32F3xx_HAL_Driver/Src/stm32f3xx_hal_uart_ex.o
 .debug_frame   0x0000000000004710       0x2c c:/st/stm32cubeide_1.12.1/stm32cubeide/plugins/com.st.stm32cube.ide.mcu.externaltools.gnu-tools-for-stm32.10.3-2021.10.win32_1.0.200.202301161003/tools/bin/../lib/gcc/arm-none-eabi/10.3.1/../../../../arm-none-eabi/lib/thumb/v7e-m+fp/hard\libc_nano.a(lib_a-init.o)
 .debug_frame   0x000000000000473c       0x20 c:/st/stm32cubeide_1.12.1/stm32cubeide/plugins/com.st.stm32cube.ide.mcu.externaltools.gnu-tools-for-stm32.10.3-2021.10.win32_1.0.200.202301161003/tools/bin/../lib/gcc/arm-none-eabi/10.3.1/../../../../arm-none-eabi/lib/thumb/v7e-m+fp/hard\libc_nano.a(lib_a-memset.o)
