../Core/Src/flash.c:24:6:flash_erase	4	static
../Core/Src/flash.c:42:6:mutate_power	120	static
../Core/Src/flash.c:67:6:mutate_control_mode	104	static
../Core/Src/flash.c:85:6:mutate_wind_mode	104	static
../Core/Src/flash.c:101:9:get_power	16	static
../Core/Src/flash.c:109:9:get_control_mode	16	static
../Core/Src/flash.c:117:9:get_wind_mode	16	static
../Core/Src/flash.c:125:6:wind_control	8	static
../Core/Src/flash.c:144:6:check_and_fix_variables	24	static
../Core/Src/flash.c:162:6:restart_before_state	104	static
