../Core/Src/flash.c:26:6:flash_erase	4	static
../Core/Src/flash.c:44:6:modify_power	120	static
../Core/Src/flash.c:68:6:modify_control_mode	104	static
../Core/Src/flash.c:86:6:modify_wind_mode	104	static
../Core/Src/flash.c:102:9:get_power	16	static
../Core/Src/flash.c:110:9:get_control_mode	16	static
../Core/Src/flash.c:118:9:get_wind_mode	16	static
../Core/Src/flash.c:126:6:wind_control	8	static
../Core/Src/flash.c:145:6:default_state	24	static
../Core/Src/flash.c:163:6:restart_before_state	104	static
