../Core/Src/main.c:75:6:HAL_TIM_PeriodElapsedCallback	32	static
../Core/Src/main.c:103:6:HAL_UART_RxCpltCallback	24	static
../Core/Src/main.c:117:5:main	16	static
../Core/Src/main.c:182:6:SystemClock_Config	128	static
../Core/Src/main.c:232:13:MX_ADC1_Init	48	static
../Core/Src/main.c:298:13:MX_TIM1_Init	112	static
../Core/Src/main.c:378:13:MX_TIM8_Init	112	static
../Core/Src/main.c:458:13:MX_USART1_UART_Init	8	static
../Core/Src/main.c:493:13:MX_GPIO_Init	24	static
../Core/Src/main.c:516:6:Error_Handler	4	static,ignoring_inline_asm
